Archive member included to satisfy reference by file (symbol)

C:/ST/STM32CubeIDE_1.6.0/STM32CubeIDE/plugins/com.st.stm32cube.ide.mcu.externaltools.gnu-tools-for-stm32.11.3.rel1.win32_1.1.0.202305231506/tools/bin/../lib/gcc/arm-none-eabi/11.3.1/../../../../arm-none-eabi/lib/thumb/v7e-m+fp/hard\libc_nano.a(libc_a-exit.o)
                              C:/ST/STM32CubeIDE_1.6.0/STM32CubeIDE/plugins/com.st.stm32cube.ide.mcu.externaltools.gnu-tools-for-stm32.11.3.rel1.win32_1.1.0.202305231506/tools/bin/../lib/gcc/arm-none-eabi/11.3.1/../../../../arm-none-eabi/lib/thumb/v7e-m+fp/hard/crt0.o (exit)
C:/ST/STM32CubeIDE_1.6.0/STM32CubeIDE/plugins/com.st.stm32cube.ide.mcu.externaltools.gnu-tools-for-stm32.11.3.rel1.win32_1.1.0.202305231506/tools/bin/../lib/gcc/arm-none-eabi/11.3.1/../../../../arm-none-eabi/lib/thumb/v7e-m+fp/hard\libc_nano.a(libc_a-malloc.o)
                              ./Core/Src/JSensing.o (malloc)
C:/ST/STM32CubeIDE_1.6.0/STM32CubeIDE/plugins/com.st.stm32cube.ide.mcu.externaltools.gnu-tools-for-stm32.11.3.rel1.win32_1.1.0.202305231506/tools/bin/../lib/gcc/arm-none-eabi/11.3.1/../../../../arm-none-eabi/lib/thumb/v7e-m+fp/hard\libc_nano.a(libc_a-mallocr.o)
                              C:/ST/STM32CubeIDE_1.6.0/STM32CubeIDE/plugins/com.st.stm32cube.ide.mcu.externaltools.gnu-tools-for-stm32.11.3.rel1.win32_1.1.0.202305231506/tools/bin/../lib/gcc/arm-none-eabi/11.3.1/../../../../arm-none-eabi/lib/thumb/v7e-m+fp/hard\libc_nano.a(libc_a-malloc.o) (_malloc_r)
C:/ST/STM32CubeIDE_1.6.0/STM32CubeIDE/plugins/com.st.stm32cube.ide.mcu.externaltools.gnu-tools-for-stm32.11.3.rel1.win32_1.1.0.202305231506/tools/bin/../lib/gcc/arm-none-eabi/11.3.1/../../../../arm-none-eabi/lib/thumb/v7e-m+fp/hard\libc_nano.a(libc_a-mlock.o)
                              C:/ST/STM32CubeIDE_1.6.0/STM32CubeIDE/plugins/com.st.stm32cube.ide.mcu.externaltools.gnu-tools-for-stm32.11.3.rel1.win32_1.1.0.202305231506/tools/bin/../lib/gcc/arm-none-eabi/11.3.1/../../../../arm-none-eabi/lib/thumb/v7e-m+fp/hard\libc_nano.a(libc_a-mallocr.o) (__malloc_lock)
C:/ST/STM32CubeIDE_1.6.0/STM32CubeIDE/plugins/com.st.stm32cube.ide.mcu.externaltools.gnu-tools-for-stm32.11.3.rel1.win32_1.1.0.202305231506/tools/bin/../lib/gcc/arm-none-eabi/11.3.1/../../../../arm-none-eabi/lib/thumb/v7e-m+fp/hard\libc_nano.a(libc_a-findfp.o)
                              C:/ST/STM32CubeIDE_1.6.0/STM32CubeIDE/plugins/com.st.stm32cube.ide.mcu.externaltools.gnu-tools-for-stm32.11.3.rel1.win32_1.1.0.202305231506/tools/bin/../lib/gcc/arm-none-eabi/11.3.1/../../../../arm-none-eabi/lib/thumb/v7e-m+fp/hard\libc_nano.a(libc_a-exit.o) (__stdio_exit_handler)
C:/ST/STM32CubeIDE_1.6.0/STM32CubeIDE/plugins/com.st.stm32cube.ide.mcu.externaltools.gnu-tools-for-stm32.11.3.rel1.win32_1.1.0.202305231506/tools/bin/../lib/gcc/arm-none-eabi/11.3.1/../../../../arm-none-eabi/lib/thumb/v7e-m+fp/hard\libc_nano.a(libc_a-fwalk.o)
                              C:/ST/STM32CubeIDE_1.6.0/STM32CubeIDE/plugins/com.st.stm32cube.ide.mcu.externaltools.gnu-tools-for-stm32.11.3.rel1.win32_1.1.0.202305231506/tools/bin/../lib/gcc/arm-none-eabi/11.3.1/../../../../arm-none-eabi/lib/thumb/v7e-m+fp/hard\libc_nano.a(libc_a-findfp.o) (_fwalk_sglue)
C:/ST/STM32CubeIDE_1.6.0/STM32CubeIDE/plugins/com.st.stm32cube.ide.mcu.externaltools.gnu-tools-for-stm32.11.3.rel1.win32_1.1.0.202305231506/tools/bin/../lib/gcc/arm-none-eabi/11.3.1/../../../../arm-none-eabi/lib/thumb/v7e-m+fp/hard\libc_nano.a(libc_a-stdio.o)
                              C:/ST/STM32CubeIDE_1.6.0/STM32CubeIDE/plugins/com.st.stm32cube.ide.mcu.externaltools.gnu-tools-for-stm32.11.3.rel1.win32_1.1.0.202305231506/tools/bin/../lib/gcc/arm-none-eabi/11.3.1/../../../../arm-none-eabi/lib/thumb/v7e-m+fp/hard\libc_nano.a(libc_a-findfp.o) (__sread)
C:/ST/STM32CubeIDE_1.6.0/STM32CubeIDE/plugins/com.st.stm32cube.ide.mcu.externaltools.gnu-tools-for-stm32.11.3.rel1.win32_1.1.0.202305231506/tools/bin/../lib/gcc/arm-none-eabi/11.3.1/../../../../arm-none-eabi/lib/thumb/v7e-m+fp/hard\libc_nano.a(libc_a-memset.o)
                              C:/ST/STM32CubeIDE_1.6.0/STM32CubeIDE/plugins/com.st.stm32cube.ide.mcu.externaltools.gnu-tools-for-stm32.11.3.rel1.win32_1.1.0.202305231506/tools/bin/../lib/gcc/arm-none-eabi/11.3.1/../../../../arm-none-eabi/lib/thumb/v7e-m+fp/hard/crt0.o (memset)
C:/ST/STM32CubeIDE_1.6.0/STM32CubeIDE/plugins/com.st.stm32cube.ide.mcu.externaltools.gnu-tools-for-stm32.11.3.rel1.win32_1.1.0.202305231506/tools/bin/../lib/gcc/arm-none-eabi/11.3.1/../../../../arm-none-eabi/lib/thumb/v7e-m+fp/hard\libc_nano.a(libc_a-closer.o)
                              C:/ST/STM32CubeIDE_1.6.0/STM32CubeIDE/plugins/com.st.stm32cube.ide.mcu.externaltools.gnu-tools-for-stm32.11.3.rel1.win32_1.1.0.202305231506/tools/bin/../lib/gcc/arm-none-eabi/11.3.1/../../../../arm-none-eabi/lib/thumb/v7e-m+fp/hard\libc_nano.a(libc_a-stdio.o) (_close_r)
[...]
Memory Configuration

Name             Origin             Length             Attributes
RAM              0x0000000020000000 0x0000000000020000 xrw
FLASH            0x0000000008000000 0x0000000000080000 xr
*default*        0x0000000000000000 0xffffffffffffffff

Linker script and memory map

LOAD C:/ST/STM32CubeIDE_1.6.0/STM32CubeIDE/plugins/com.st.stm32cube.ide.mcu.externaltools.gnu-tools-for-stm32.11.3.rel1.win32_1.1.0.202305231506/tools/bin/../lib/gcc/arm-none-eabi/11.3.1/thumb/v7e-m+fp/hard/crti.o
LOAD C:/ST/STM32CubeIDE_1.6.0/STM32CubeIDE/plugins/com.st.stm32cube.ide.mcu.externaltools.gnu-tools-for-stm32.11.3.rel1.win32_1.1.0.202305231506/tools/bin/../lib/gcc/arm-none-eabi/11.3.1/thumb/v7e-m+fp/hard/crtbegin.o
LOAD C:/ST/STM32CubeIDE_1.6.0/STM32CubeIDE/plugins/com.st.stm32cube.ide.mcu.externaltools.gnu-tools-for-stm32.11.3.rel1.win32_1.1.0.202305231506/tools/bin/../lib/gcc/arm-none-eabi/11.3.1/../../../../arm-none-eabi/lib/thumb/v7e-m+fp/hard/crt0.o
LOAD ./Core/Src/JControl.o
LOAD ./Core/Src/JSensing.o
LOAD ./Core/Src/Protocol2.o
LOAD ./Core/Src/adc.o
LOAD ./Core/Src/dma.o
LOAD ./Core/Src/gpio.o
LOAD ./Core/Src/iBus.o
LOAD ./Core/Src/main.o
LOAD ./Core/Src/stm32f4xx_hal_msp.o
LOAD ./Core/Src/stm32f4xx_it.o
LOAD ./Core/Src/syscalls.o
LOAD ./Core/Src/sysmem.o
LOAD ./Core/Src/system_stm32f4xx.o
LOAD ./Core/Src/tim.o
LOAD ./Core/Startup/startup_stm32f446retx.o
LOAD ./Drivers/STM32F4xx_HAL_Driver/Src/stm32f4xx_hal.o
LOAD ./Drivers/STM32F4xx_HAL_Driver/Src/stm32f4xx_hal_cortex.o
LOAD ./Drivers/STM32F4xx_HAL_Driver/Src/stm32f4xx_hal_dma.o
LOAD ./Drivers/STM32F4xx_HAL_Driver/Src/stm32f4xx_hal_dma_ex.o
LOAD ./Drivers/STM32F4xx_HAL_Driver/Src/stm32f4xx_hal_exti.o
LOAD ./Drivers/STM32F4xx_HAL_Driver/Src/stm32f4xx_hal_flash.o
LOAD ./Drivers/STM32F4xx_HAL_Driver/Src/stm32f4xx_hal_flash_ex.o
LOAD ./Drivers/STM32F4xx_HAL_Driver/Src/stm32f4xx_hal_flash_ramfunc.o
LOAD ./Drivers/STM32F4xx_HAL_Driver/Src/stm32f4xx_hal_gpio.o
LOAD ./Drivers/STM32F4xx_HAL_Driver/Src/stm32f4xx_hal_pwr.o
LOAD ./Drivers/STM32F4xx_HAL_Driver/Src/stm32f4xx_hal_pwr_ex.o
LOAD ./Drivers/STM32F4xx_HAL_Driver/Src/stm32f4xx_hal_rcc.o
LOAD ./Drivers/STM32F4xx_HAL_Driver/Src/stm32f4xx_hal_rcc_ex.o
LOAD ./Drivers/STM32F4xx_HAL_Driver/Src/stm32f4xx_hal_tim.o
LOAD ./Drivers/STM32F4xx_HAL_Driver/Src/stm32f4xx_hal_tim_ex.o
LOAD ./Drivers/STM32F4xx_HAL_Driver/Src/stm32f4xx_ll_adc.o
LOAD ./Drivers/STM32F4xx_HAL_Driver/Src/stm32f4xx_ll_dma.o
LOAD ./Drivers/STM32F4xx_HAL_Driver/Src/stm32f4xx_ll_exti.o
LOAD ./Drivers/STM32F4xx_HAL_Driver/Src/stm32f4xx_ll_gpio.o
LOAD ./Drivers/STM32F4xx_HAL_Driver/Src/stm32f4xx_ll_rcc.o
LOAD ./Drivers/STM32F4xx_HAL_Driver/Src/stm32f4xx_ll_tim.o
LOAD ./Drivers/STM32F4xx_HAL_Driver/Src/stm32f4xx_ll_utils.o
START GROUP
LOAD C:/ST/STM32CubeIDE_1.6.0/STM32CubeIDE/plugins/com.st.stm32cube.ide.mcu.externaltools.gnu-tools-for-stm32.11.3.rel1.win32_1.1.0.202305231506/tools/bin/../lib/gcc/arm-none-eabi/11.3.1/../../../../arm-none-eabi/lib/thumb/v7e-m+fp/hard\libc_nano.a
LOAD C:/ST/STM32CubeIDE_1.6.0/STM32CubeIDE/plugins/com.st.stm32cube.ide.mcu.externaltools.gnu-tools-for-stm32.11.3.rel1.win32_1.1.0.202305231506/tools/bin/../lib/gcc/arm-none-eabi/11.3.1/../../../../arm-none-eabi/lib/thumb/v7e-m+fp/hard\libm.a
END GROUP
START GROUP
LOAD C:/ST/STM32CubeIDE_1.6.0/STM32CubeIDE/plugins/com.st.stm32cube.ide.mcu.externaltools.gnu-tools-for-stm32.11.3.rel1.win32_1.1.0.202305231506/tools/bin/../lib/gcc/arm-none-eabi/11.3.1/thumb/v7e-m+fp/hard\libgcc.a
LOAD C:/ST/STM32CubeIDE_1.6.0/STM32CubeIDE/plugins/com.st.stm32cube.ide.mcu.externaltools.gnu-tools-for-stm32.11.3.rel1.win32_1.1.0.202305231506/tools/bin/../lib/gcc/arm-none-eabi/11.3.1/../../../../arm-none-eabi/lib/thumb/v7e-m+fp/hard\libc_nano.a
END GROUP
START GROUP
LOAD C:/ST/STM32CubeIDE_1.6.0/STM32CubeIDE/plugins/com.st.stm32cube.ide.mcu.externaltools.gnu-tools-for-stm32.11.3.rel1.win32_1.1.0.202305231506/tools/bin/../lib/gcc/arm-none-eabi/11.3.1/thumb/v7e-m+fp/hard\libgcc.a
LOAD C:/ST/STM32CubeIDE_1.6.0/STM32CubeIDE/plugins/com.st.stm32cube.ide.mcu.externaltools.gnu-tools-for-stm32.11.3.rel1.win32_1.1.0.202305231506/tools/bin/../lib/gcc/arm-none-eabi/11.3.1/../../../../arm-none-eabi/lib/thumb/v7e-m+fp/hard\libc_nano.a
LOAD C:/ST/STM32CubeIDE_1.6.0/STM32CubeIDE/plugins/com.st.stm32cube.ide.mcu.externaltools.gnu-tools-for-stm32.11.3.rel1.win32_1.1.0.202305231506/tools/bin/../lib/gcc/arm-none-eabi/11.3.1/../../../../arm-none-eabi/lib/thumb/v7e-m+fp/hard\libnosys.a
END GROUP
START GROUP
LOAD C:/ST/STM32CubeIDE_1.6.0/STM32CubeIDE/plugins/com.st.stm32cube.ide.mcu.externaltools.gnu-tools-for-stm32.11.3.rel1.win32_1.1.0.202305231506/tools/bin/../lib/gcc/arm-none-eabi/11.3.1/thumb/v7e-m+fp/hard\libgcc.a
LOAD C:/ST/STM32CubeIDE_1.6.0/STM32CubeIDE/plugins/com.st.stm32cube.ide.mcu.externaltools.gnu-tools-for-stm32.11.3.rel1.win32_1.1.0.202305231506/tools/bin/../lib/gcc/arm-none-eabi/11.3.1/../../../../arm-none-eabi/lib/thumb/v7e-m+fp/hard\libc_nano.a
LOAD C:/ST/STM32CubeIDE_1.6.0/STM32CubeIDE/plugins/com.st.stm32cube.ide.mcu.externaltools.gnu-tools-for-stm32.11.3.rel1.win32_1.1.0.202305231506/tools/bin/../lib/gcc/arm-none-eabi/11.3.1/../../../../arm-none-eabi/lib/thumb/v7e-m+fp/hard\libnosys.a
END GROUP
LOAD C:/ST/STM32CubeIDE_1.6.0/STM32CubeIDE/plugins/com.st.stm32cube.ide.mcu.externaltools.gnu-tools-for-stm32.11.3.rel1.win32_1.1.0.202305231506/tools/bin/../lib/gcc/arm-none-eabi/11.3.1/thumb/v7e-m+fp/hard/crtend.o
LOAD C:/ST/STM32CubeIDE_1.6.0/STM32CubeIDE/plugins/com.st.stm32cube.ide.mcu.externaltools.gnu-tools-for-stm32.11.3.rel1.win32_1.1.0.202305231506/tools/bin/../lib/gcc/arm-none-eabi/11.3.1/thumb/v7e-m+fp/hard/crtn.o
                0x0000000020020000                _estack = (ORIGIN (RAM) + LENGTH (RAM))
                0x0000000000000200                _Min_Heap_Size = 0x200
                0x0000000000000400                _Min_Stack_Size = 0x400

.isr_vector     0x0000000008000000      0x1c4
                0x0000000008000000                . = ALIGN (0x4)
 *(.isr_vector)
 .isr_vector    0x0000000008000000      0x1c4 ./Core/Startup/startup_stm32f446retx.o
                0x0000000008000000                g_pfnVectors
                0x00000000080001c4                . = ALIGN (0x4)

.text           0x00000000080001c8     0x42ec
                0x00000000080001c8                . = ALIGN (0x4)
 *(.text)
 .text          0x00000000080001c8       0x40 C:/ST/STM32CubeIDE_1.6.0/STM32CubeIDE/plugins/com.st.stm32cube.ide.mcu.externaltools.gnu-tools-for-stm32.11.3.rel1.win32_1.1.0.202305231506/tools/bin/../lib/gcc/arm-none-eabi/11.3.1/thumb/v7e-m+fp/hard/crtbegin.o
 .text          0x0000000008000208      0x378 C:/ST/STM32CubeIDE_1.6.0/STM32CubeIDE/plugins/com.st.stm32cube.ide.mcu.externaltools.gnu-tools-for-stm32.11.3.rel1.win32_1.1.0.202305231506/tools/bin/../lib/gcc/arm-none-eabi/11.3.1/thumb/v7e-m+fp/hard\libgcc.a(_arm_addsubdf3.o)
                0x0000000008000208                __aeabi_drsub
                0x0000000008000210                __aeabi_dsub
                0x0000000008000210                __subdf3
                0x0000000008000214                __aeabi_dadd
                0x0000000008000214                __adddf3
                0x000000000800048c                __floatunsidf
                0x000000000800048c                __aeabi_ui2d
                0x00000000080004ac                __floatsidf
                0x00000000080004ac                __aeabi_i2d
                0x00000000080004d0                __aeabi_f2d
                0x00000000080004d0                __extendsfdf2
                0x0000000008000514                __floatundidf
                0x0000000008000514                __aeabi_ul2d
                0x0000000008000524                __floatdidf
                0x0000000008000524                __aeabi_l2d
 .text          0x0000000008000580       0x50 C:/ST/STM32CubeIDE_1.6.0/STM32CubeIDE/plugins/com.st.stm32cube.ide.mcu.externaltools.gnu-tools-for-stm32.11.3.rel1.win32_1.1.0.202305231506/tools/bin/../lib/gcc/arm-none-eabi/11.3.1/thumb/v7e-m+fp/hard\libgcc.a(_arm_fixdfsi.o)
                0x0000000008000580                __aeabi_d2iz
                0x0000000008000580                __fixdfsi
 *(.text*)
 .text.LL_TIM_OC_SetCompareCH1
                0x00000000080005d0       0x1c ./Core/Src/JControl.o
 .text.LL_TIM_OC_SetCompareCH2
                0x00000000080005ec       0x1c ./Core/Src/JControl.o
 .text.LL_TIM_OC_SetCompareCH3
                0x0000000008000608       0x1c ./Core/Src/JControl.o
 .text.LL_TIM_OC_SetCompareCH4
                0x0000000008000624       0x1c ./Core/Src/JControl.o
 .text.LL_GPIO_SetOutputPin
                0x0000000008000640       0x1c ./Core/Src/JControl.o
 .text.LL_GPIO_ResetOutputPin
                0x000000000800065c       0x1e ./Core/Src/JControl.o
 *fill*         0x000000000800067a        0x2 
 .text.Duty_Control_Velocity
                0x000000000800067c      0x1f8 ./Core/Src/JControl.o
                0x000000000800067c                Duty_Control_Velocity
 .text.MAF_Init
                0x0000000008000874       0x2c ./Core/Src/JSensing.o
                0x0000000008000874                MAF_Init
 .text.MAF_Filter
                0x00000000080008a0       0x94 ./Core/Src/JSensing.o
                0x00000000080008a0                MAF_Filter
 .text.LL_ADC_REG_SetSequencerRanks
                0x0000000008000934       0x6c ./Core/Src/adc.o
 .text.LL_ADC_REG_SetFlagEndOfConversion
                0x00000000080009a0       0x26 ./Core/Src/adc.o
 .text.LL_ADC_SetChannelSamplingTime
                0x00000000080009c6       0x98 ./Core/Src/adc.o
 *fill*         0x0000000008000a5e        0x2 
 .text.LL_DMA_SetDataTransferDirection
                0x0000000008000a60       0x48 ./Core/Src/adc.o
 .text.LL_DMA_SetMode
                0x0000000008000aa8       0x48 ./Core/Src/adc.o
 .text.LL_DMA_SetPeriphIncMode
                0x0000000008000af0       0x48 ./Core/Src/adc.o
 .text.LL_DMA_SetMemoryIncMode
                0x0000000008000b38       0x48 ./Core/Src/adc.o
 .text.LL_DMA_SetPeriphSize
                0x0000000008000b80       0x48 ./Core/Src/adc.o
 .text.LL_DMA_SetMemorySize
                0x0000000008000bc8       0x48 ./Core/Src/adc.o
 .text.LL_DMA_SetStreamPriorityLevel
                0x0000000008000c10       0x48 ./Core/Src/adc.o
 .text.LL_DMA_SetChannelSelection
                0x0000000008000c58       0x48 ./Core/Src/adc.o
 .text.LL_DMA_DisableFifoMode
                0x0000000008000ca0       0x40 ./Core/Src/adc.o
 .text.LL_AHB1_GRP1_EnableClock
                0x0000000008000ce0       0x30 ./Core/Src/adc.o
 .text.LL_APB2_GRP1_EnableClock
                0x0000000008000d10       0x30 ./Core/Src/adc.o
 .text.MX_ADC1_Init
                0x0000000008000d40      0x294 ./Core/Src/adc.o
                0x0000000008000d40                MX_ADC1_Init
 .text.__NVIC_GetPriorityGrouping
                0x0000000008000fd4       0x1c ./Core/Src/dma.o
 .text.__NVIC_EnableIRQ
                0x0000000008000ff0       0x3c ./Core/Src/dma.o
 .text.__NVIC_SetPriority
                0x000000000800102c       0x54 ./Core/Src/dma.o
 .text.NVIC_EncodePriority
                0x0000000008001080       0x66 ./Core/Src/dma.o
 *fill*         0x00000000080010e6        0x2 
 .text.LL_AHB1_GRP1_EnableClock
                0x00000000080010e8       0x30 ./Core/Src/dma.o
 .text.MX_DMA_Init
                0x0000000008001118       0x30 ./Core/Src/dma.o
                0x0000000008001118                MX_DMA_Init
 .text.LL_AHB1_GRP1_EnableClock
                0x0000000008001148       0x30 ./Core/Src/gpio.o
 .text.LL_GPIO_ResetOutputPin
                0x0000000008001178       0x1e ./Core/Src/gpio.o
 *fill*         0x0000000008001196        0x2 
 .text.MX_GPIO_Init
                0x0000000008001198       0x90 ./Core/Src/gpio.o
                0x0000000008001198                MX_GPIO_Init
 .text.LL_ADC_DMA_GetRegAddr
                0x0000000008001228       0x34 ./Core/Src/main.o
 .text.LL_ADC_Enable
                0x000000000800125c       0x20 ./Core/Src/main.o
 .text.LL_ADC_REG_StartConversionSWStart
                0x000000000800127c       0x20 ./Core/Src/main.o
 .text.LL_DMA_EnableStream
                0x000000000800129c       0x40 ./Core/Src/main.o
 .text.LL_DMA_SetDataLength
                0x00000000080012dc       0x48 ./Core/Src/main.o
 .text.LL_DMA_ConfigAddresses
                0x0000000008001324       0x78 ./Core/Src/main.o
 .text.LL_DMA_EnableIT_TC
                0x000000000800139c       0x40 ./Core/Src/main.o
 .text.LL_RCC_HSI_Enable
                0x00000000080013dc       0x20 ./Core/Src/main.o
 .text.LL_RCC_HSI_IsReady
                0x00000000080013fc       0x24 ./Core/Src/main.o
 .text.LL_RCC_HSI_SetCalibTrimming
                0x0000000008001420       0x2c ./Core/Src/main.o
 .text.LL_RCC_SetSysClkSource
                0x000000000800144c       0x28 ./Core/Src/main.o
 .text.LL_RCC_GetSysClkSource
                0x0000000008001474       0x1c ./Core/Src/main.o
 .text.LL_RCC_SetAHBPrescaler
                0x0000000008001490       0x28 ./Core/Src/main.o
 .text.LL_RCC_SetAPB1Prescaler
                0x00000000080014b8       0x28 ./Core/Src/main.o
 .text.LL_RCC_SetAPB2Prescaler
                0x00000000080014e0       0x28 ./Core/Src/main.o
 .text.LL_RCC_SetTIMPrescaler
                0x0000000008001508       0x2c ./Core/Src/main.o
 .text.LL_RCC_PLL_Enable
                0x0000000008001534       0x20 ./Core/Src/main.o
 .text.LL_RCC_PLL_IsReady
                0x0000000008001554       0x28 ./Core/Src/main.o
 .text.LL_RCC_PLL_ConfigDomain_SYS
                0x000000000800157c       0x5c ./Core/Src/main.o
 .text.LL_FLASH_SetLatency
                0x00000000080015d8       0x28 ./Core/Src/main.o
 .text.LL_FLASH_GetLatency
                0x0000000008001600       0x1c ./Core/Src/main.o
 .text.LL_PWR_EnableOverDriveMode
                0x000000000800161c       0x20 ./Core/Src/main.o
 .text.LL_PWR_SetRegulVoltageScaling
                0x000000000800163c       0x28 ./Core/Src/main.o
 .text.LL_PWR_IsActiveFlag_VOS
                0x0000000008001664       0x28 ./Core/Src/main.o
 .text.LL_TIM_EnableCounter
                0x000000000800168c       0x20 ./Core/Src/main.o
 .text.LL_TIM_CC_EnableChannel
                0x00000000080016ac       0x22 ./Core/Src/main.o
 .text.LL_TIM_EnableIT_UPDATE
                0x00000000080016ce       0x20 ./Core/Src/main.o
 *fill*         0x00000000080016ee        0x2 
 .text.SetDirection
                0x00000000080016f0       0x30 ./Core/Src/main.o
                0x00000000080016f0                SetDirection
 .text.SetDutyControl
                0x0000000008001720       0x34 ./Core/Src/main.o
                0x0000000008001720                SetDutyControl
 *fill*         0x0000000008001754        0x4 
 .text.main     0x0000000008001758      0x190 ./Core/Src/main.o
                0x0000000008001758                main
 .text.SystemClock_Config
                0x00000000080018e8       0xac ./Core/Src/main.o
                0x00000000080018e8                SystemClock_Config
 .text.Error_Handler
                0x0000000008001994        0xa ./Core/Src/main.o
                0x0000000008001994                Error_Handler
 *fill*         0x000000000800199e        0x2 
 .text.HAL_MspInit
                0x00000000080019a0       0x50 ./Core/Src/stm32f4xx_hal_msp.o
                0x00000000080019a0                HAL_MspInit
 .text.LL_TIM_ClearFlag_UPDATE
                0x00000000080019f0       0x1c ./Core/Src/stm32f4xx_it.o
 .text.LL_TIM_IsActiveFlag_UPDATE
                0x0000000008001a0c       0x26 ./Core/Src/stm32f4xx_it.o
 .text.LL_GPIO_SetPinMode
                0x0000000008001a32       0x5e ./Core/Src/stm32f4xx_it.o
 .text.LL_GPIO_IsInputPinSet
                0x0000000008001a90       0x2a ./Core/Src/stm32f4xx_it.o
 .text.LL_GPIO_SetOutputPin
                0x0000000008001aba       0x1c ./Core/Src/stm32f4xx_it.o
 .text.LL_GPIO_ResetOutputPin
                0x0000000008001ad6       0x1e ./Core/Src/stm32f4xx_it.o
 .text.Duty_Velocity
                0x0000000008001af4       0x64 ./Core/Src/stm32f4xx_it.o
                0x0000000008001af4                Duty_Velocity
 .text.Stop     0x0000000008001b58       0x24 ./Core/Src/stm32f4xx_it.o
                0x0000000008001b58                Stop
 .text.GoFront  0x0000000008001b7c       0x28 ./Core/Src/stm32f4xx_it.o
                0x0000000008001b7c                GoFront
 .text.GoFrontBoost
                0x0000000008001ba4       0x28 ./Core/Src/stm32f4xx_it.o
                0x0000000008001ba4                GoFrontBoost
 .text.GoStartBoost
                0x0000000008001bcc       0x28 ./Core/Src/stm32f4xx_it.o
                0x0000000008001bcc                GoStartBoost
 .text.GoBack   0x0000000008001bf4       0x28 ./Core/Src/stm32f4xx_it.o
                0x0000000008001bf4                GoBack
 .text.GoBackSlow
                0x0000000008001c1c       0x28 ./Core/Src/stm32f4xx_it.o
                0x0000000008001c1c                GoBackSlow
 .text.TurnLeft
                0x0000000008001c44       0x28 ./Core/Src/stm32f4xx_it.o
                0x0000000008001c44                TurnLeft
 .text.TurnRight
                0x0000000008001c6c       0x28 ./Core/Src/stm32f4xx_it.o
                0x0000000008001c6c                TurnRight
 .text.HitFloor
                0x0000000008001c94       0x20 ./Core/Src/stm32f4xx_it.o
                0x0000000008001c94                HitFloor
 .text.QTI      0x0000000008001cb4       0x64 ./Core/Src/stm32f4xx_it.o
                0x0000000008001cb4                QTI
 .text.JudgeFrontQTI
                0x0000000008001d18       0x78 ./Core/Src/stm32f4xx_it.o
                0x0000000008001d18                JudgeFrontQTI
 .text.JudgeCamera
                0x0000000008001d90       0x80 ./Core/Src/stm32f4xx_it.o
                0x0000000008001d90                JudgeCamera
 .text.AlgorithmCamera
                0x0000000008001e10       0x4c ./Core/Src/stm32f4xx_it.o
                0x0000000008001e10                AlgorithmCamera
 .text.Algorithm
                0x0000000008001e5c      0x210 ./Core/Src/stm32f4xx_it.o
                0x0000000008001e5c                Algorithm
 .text.Start_Algorithm
                0x000000000800206c       0xcc ./Core/Src/stm32f4xx_it.o
                0x000000000800206c                Start_Algorithm
 .text.NMI_Handler
                0x0000000008002138        0x6 ./Core/Src/stm32f4xx_it.o
                0x0000000008002138                NMI_Handler
 .text.HardFault_Handler
                0x000000000800213e        0x6 ./Core/Src/stm32f4xx_it.o
                0x000000000800213e                HardFault_Handler
 .text.MemManage_Handler
                0x0000000008002144        0x6 ./Core/Src/stm32f4xx_it.o
                0x0000000008002144                MemManage_Handler
 .text.BusFault_Handler
                0x000000000800214a        0x6 ./Core/Src/stm32f4xx_it.o
                0x000000000800214a                BusFault_Handler
 .text.UsageFault_Handler
                0x0000000008002150        0x6 ./Core/Src/stm32f4xx_it.o
                0x0000000008002150                UsageFault_Handler
 .text.SVC_Handler
                0x0000000008002156        0xe ./Core/Src/stm32f4xx_it.o
                0x0000000008002156                SVC_Handler
 .text.DebugMon_Handler
                0x0000000008002164        0xe ./Core/Src/stm32f4xx_it.o
                0x0000000008002164                DebugMon_Handler
 .text.PendSV_Handler
                0x0000000008002172        0xe ./Core/Src/stm32f4xx_it.o
                0x0000000008002172                PendSV_Handler
 .text.SysTick_Handler
                0x0000000008002180        0xc ./Core/Src/stm32f4xx_it.o
                0x0000000008002180                SysTick_Handler
 .text.TIM1_BRK_TIM9_IRQHandler
                0x000000000800218c       0x14 ./Core/Src/stm32f4xx_it.o
                0x000000000800218c                TIM1_BRK_TIM9_IRQHandler
 .text.TIM1_UP_TIM10_IRQHandler
                0x00000000080021a0       0x14 ./Core/Src/stm32f4xx_it.o
                0x00000000080021a0                TIM1_UP_TIM10_IRQHandler
 .text.TIM1_TRG_COM_TIM11_IRQHandler
                0x00000000080021b4       0x14 ./Core/Src/stm32f4xx_it.o
                0x00000000080021b4                TIM1_TRG_COM_TIM11_IRQHandler
 .text.TIM1_CC_IRQHandler
                0x00000000080021c8       0x14 ./Core/Src/stm32f4xx_it.o
                0x00000000080021c8                TIM1_CC_IRQHandler
 .text.TIM8_UP_TIM13_IRQHandler
                0x00000000080021dc      0x10c ./Core/Src/stm32f4xx_it.o
                0x00000000080021dc                TIM8_UP_TIM13_IRQHandler
 .text.TIM6_DAC_IRQHandler
                0x00000000080022e8       0x28 ./Core/Src/stm32f4xx_it.o
                0x00000000080022e8                TIM6_DAC_IRQHandler
 .text.TIM7_IRQHandler
                0x0000000008002310       0x70 ./Core/Src/stm32f4xx_it.o
                0x0000000008002310                TIM7_IRQHandler
 .text.DMA2_Stream0_IRQHandler
                0x0000000008002380        0xe ./Core/Src/stm32f4xx_it.o
                0x0000000008002380                DMA2_Stream0_IRQHandler
 *fill*         0x000000000800238e        0x2 
 .text._sbrk    0x0000000008002390       0x6c ./Core/Src/sysmem.o
                0x0000000008002390                _sbrk
 .text.SystemInit
                0x00000000080023fc       0x24 ./Core/Src/system_stm32f4xx.o
                0x00000000080023fc                SystemInit
 .text.__NVIC_GetPriorityGrouping
                0x0000000008002420       0x1c ./Core/Src/tim.o
 .text.__NVIC_EnableIRQ
                0x000000000800243c       0x3c ./Core/Src/tim.o
 .text.__NVIC_SetPriority
                0x0000000008002478       0x54 ./Core/Src/tim.o
 .text.NVIC_EncodePriority
                0x00000000080024cc       0x66 ./Core/Src/tim.o
 *fill*         0x0000000008002532        0x2 
 .text.LL_APB1_GRP1_EnableClock
                0x0000000008002534       0x30 ./Core/Src/tim.o
 .text.LL_APB2_GRP1_EnableClock
                0x0000000008002564       0x30 ./Core/Src/tim.o
 .text.LL_TIM_DisableARRPreload
                0x0000000008002594       0x20 ./Core/Src/tim.o
 .text.LL_TIM_SetClockSource
                0x00000000080025b4       0x2a ./Core/Src/tim.o
 .text.LL_TIM_SetTriggerOutput
                0x00000000080025de       0x26 ./Core/Src/tim.o
 .text.LL_TIM_DisableMasterSlaveMode
                0x0000000008002604       0x20 ./Core/Src/tim.o
 .text.MX_TIM1_Init
                0x0000000008002624      0x120 ./Core/Src/tim.o
                0x0000000008002624                MX_TIM1_Init
 .text.MX_TIM6_Init
                0x0000000008002744       0x74 ./Core/Src/tim.o
                0x0000000008002744                MX_TIM6_Init
 .text.MX_TIM7_Init
                0x00000000080027b8       0x6c ./Core/Src/tim.o
                0x00000000080027b8                MX_TIM7_Init
 .text.MX_TIM8_Init
                0x0000000008002824       0x84 ./Core/Src/tim.o
                0x0000000008002824                MX_TIM8_Init
 .text.HAL_TIM_PWM_MspInit
                0x00000000080028a8       0x80 ./Core/Src/tim.o
                0x00000000080028a8                HAL_TIM_PWM_MspInit
 .text.HAL_TIM_Base_MspInit
                0x0000000008002928       0x50 ./Core/Src/tim.o
                0x0000000008002928                HAL_TIM_Base_MspInit
 .text.HAL_TIM_MspPostInit
                0x0000000008002978       0x74 ./Core/Src/tim.o
                0x0000000008002978                HAL_TIM_MspPostInit
 .text.Reset_Handler
                0x00000000080029ec       0x50 ./Core/Startup/startup_stm32f446retx.o
                0x00000000080029ec                Reset_Handler
 .text.Default_Handler
                0x0000000008002a3c        0x2 ./Core/Startup/startup_stm32f446retx.o
                0x0000000008002a3c                RTC_Alarm_IRQHandler
                0x0000000008002a3c                EXTI2_IRQHandler
                0x0000000008002a3c                TIM8_CC_IRQHandler
                0x0000000008002a3c                FMPI2C1_EV_IRQHandler
                0x0000000008002a3c                SPI4_IRQHandler
                0x0000000008002a3c                DMA2_Stream5_IRQHandler
                0x0000000008002a3c                DMA1_Stream5_IRQHandler
                0x0000000008002a3c                PVD_IRQHandler
                0x0000000008002a3c                SDIO_IRQHandler
                0x0000000008002a3c                TAMP_STAMP_IRQHandler
                0x0000000008002a3c                CAN2_RX1_IRQHandler
                0x0000000008002a3c                EXTI3_IRQHandler
                0x0000000008002a3c                TIM8_TRG_COM_TIM14_IRQHandler
                0x0000000008002a3c                I2C3_ER_IRQHandler
                0x0000000008002a3c                EXTI0_IRQHandler
                0x0000000008002a3c                I2C2_EV_IRQHandler
                0x0000000008002a3c                DMA1_Stream2_IRQHandler
                0x0000000008002a3c                CAN1_RX0_IRQHandler
                0x0000000008002a3c                FPU_IRQHandler
                0x0000000008002a3c                OTG_HS_WKUP_IRQHandler
                0x0000000008002a3c                CAN2_SCE_IRQHandler
                0x0000000008002a3c                DMA2_Stream2_IRQHandler
                0x0000000008002a3c                SPI1_IRQHandler
                0x0000000008002a3c                DCMI_IRQHandler
                0x0000000008002a3c                CAN2_RX0_IRQHandler
                0x0000000008002a3c                DMA2_Stream3_IRQHandler
                0x0000000008002a3c                SAI2_IRQHandler
                0x0000000008002a3c                USART6_IRQHandler
                0x0000000008002a3c                USART3_IRQHandler
                0x0000000008002a3c                CAN1_RX1_IRQHandler
                0x0000000008002a3c                UART5_IRQHandler
                0x0000000008002a3c                TIM4_IRQHandler
                0x0000000008002a3c                QUADSPI_IRQHandler
                0x0000000008002a3c                I2C1_EV_IRQHandler
                0x0000000008002a3c                DMA1_Stream6_IRQHandler
                0x0000000008002a3c                DMA1_Stream1_IRQHandler
                0x0000000008002a3c                UART4_IRQHandler
                0x0000000008002a3c                TIM3_IRQHandler
                0x0000000008002a3c                RCC_IRQHandler
                0x0000000008002a3c                TIM8_BRK_TIM12_IRQHandler
                0x0000000008002a3c                Default_Handler
                0x0000000008002a3c                CEC_IRQHandler
                0x0000000008002a3c                EXTI15_10_IRQHandler
                0x0000000008002a3c                ADC_IRQHandler
                0x0000000008002a3c                DMA1_Stream7_IRQHandler
                0x0000000008002a3c                CAN2_TX_IRQHandler
                0x0000000008002a3c                TIM5_IRQHandler
                0x0000000008002a3c                DMA2_Stream7_IRQHandler
                0x0000000008002a3c                I2C3_EV_IRQHandler
                0x0000000008002a3c                EXTI9_5_IRQHandler
                0x0000000008002a3c                RTC_WKUP_IRQHandler
                0x0000000008002a3c                SPDIF_RX_IRQHandler
                0x0000000008002a3c                SPI2_IRQHandler
                0x0000000008002a3c                OTG_HS_EP1_IN_IRQHandler
                0x0000000008002a3c                DMA1_Stream0_IRQHandler
                0x0000000008002a3c                CAN1_TX_IRQHandler
                0x0000000008002a3c                FMPI2C1_ER_IRQHandler
                0x0000000008002a3c                EXTI4_IRQHandler
                0x0000000008002a3c                OTG_HS_EP1_OUT_IRQHandler
                0x0000000008002a3c                WWDG_IRQHandler
                0x0000000008002a3c                TIM2_IRQHandler
                0x0000000008002a3c                OTG_FS_WKUP_IRQHandler
                0x0000000008002a3c                OTG_HS_IRQHandler
                0x0000000008002a3c                EXTI1_IRQHandler
                0x0000000008002a3c                USART2_IRQHandler
                0x0000000008002a3c                I2C2_ER_IRQHandler
                0x0000000008002a3c                DMA2_Stream1_IRQHandler
                0x0000000008002a3c                CAN1_SCE_IRQHandler
                0x0000000008002a3c                FLASH_IRQHandler
                0x0000000008002a3c                DMA2_Stream4_IRQHandler
                0x0000000008002a3c                USART1_IRQHandler
                0x0000000008002a3c                OTG_FS_IRQHandler
                0x0000000008002a3c                SPI3_IRQHandler
                0x0000000008002a3c                DMA1_Stream4_IRQHandler
                0x0000000008002a3c                I2C1_ER_IRQHandler
                0x0000000008002a3c                FMC_IRQHandler
                0x0000000008002a3c                DMA2_Stream6_IRQHandler
                0x0000000008002a3c                SAI1_IRQHandler
                0x0000000008002a3c                DMA1_Stream3_IRQHandler
 *fill*         0x0000000008002a3e        0x2 
 .text.HAL_Init
                0x0000000008002a40       0x44 ./Drivers/STM32F4xx_HAL_Driver/Src/stm32f4xx_hal.o
                0x0000000008002a40                HAL_Init
 .text.HAL_InitTick
                0x0000000008002a84       0x60 ./Drivers/STM32F4xx_HAL_Driver/Src/stm32f4xx_hal.o
                0x0000000008002a84                HAL_InitTick
 .text.HAL_IncTick
                0x0000000008002ae4       0x28 ./Drivers/STM32F4xx_HAL_Driver/Src/stm32f4xx_hal.o
                0x0000000008002ae4                HAL_IncTick
 .text.__NVIC_SetPriorityGrouping
                0x0000000008002b0c       0x48 ./Drivers/STM32F4xx_HAL_Driver/Src/stm32f4xx_hal_cortex.o
 .text.__NVIC_GetPriorityGrouping
                0x0000000008002b54       0x1c ./Drivers/STM32F4xx_HAL_Driver/Src/stm32f4xx_hal_cortex.o
 .text.__NVIC_EnableIRQ
                0x0000000008002b70       0x3c ./Drivers/STM32F4xx_HAL_Driver/Src/stm32f4xx_hal_cortex.o
 .text.__NVIC_SetPriority
                0x0000000008002bac       0x54 ./Drivers/STM32F4xx_HAL_Driver/Src/stm32f4xx_hal_cortex.o
 .text.NVIC_EncodePriority
                0x0000000008002c00       0x66 ./Drivers/STM32F4xx_HAL_Driver/Src/stm32f4xx_hal_cortex.o
 *fill*         0x0000000008002c66        0x2 
 .text.SysTick_Config
                0x0000000008002c68       0x44 ./Drivers/STM32F4xx_HAL_Driver/Src/stm32f4xx_hal_cortex.o
 .text.HAL_NVIC_SetPriorityGrouping
                0x0000000008002cac       0x16 ./Drivers/STM32F4xx_HAL_Driver/Src/stm32f4xx_hal_cortex.o
                0x0000000008002cac                HAL_NVIC_SetPriorityGrouping
 .text.HAL_NVIC_SetPriority
                0x0000000008002cc2       0x38 ./Drivers/STM32F4xx_HAL_Driver/Src/stm32f4xx_hal_cortex.o
                0x0000000008002cc2                HAL_NVIC_SetPriority
 .text.HAL_NVIC_EnableIRQ
                0x0000000008002cfa       0x1c ./Drivers/STM32F4xx_HAL_Driver/Src/stm32f4xx_hal_cortex.o
                0x0000000008002cfa                HAL_NVIC_EnableIRQ
 .text.HAL_SYSTICK_Config
                0x0000000008002d16       0x18 ./Drivers/STM32F4xx_HAL_Driver/Src/stm32f4xx_hal_cortex.o
                0x0000000008002d16                HAL_SYSTICK_Config
 *fill*         0x0000000008002d2e        0x2 
 .text.HAL_GPIO_Init
                0x0000000008002d30      0x328 ./Drivers/STM32F4xx_HAL_Driver/Src/stm32f4xx_hal_gpio.o
                0x0000000008002d30                HAL_GPIO_Init
 .text.HAL_TIM_Base_Init
                0x0000000008003058       0x9e ./Drivers/STM32F4xx_HAL_Driver/Src/stm32f4xx_hal_tim.o
                0x0000000008003058                HAL_TIM_Base_Init
 .text.HAL_TIM_PWM_Init
                0x00000000080030f6       0x9e ./Drivers/STM32F4xx_HAL_Driver/Src/stm32f4xx_hal_tim.o
                0x00000000080030f6                HAL_TIM_PWM_Init
 .text.HAL_TIM_IRQHandler
                0x0000000008003194      0x210 ./Drivers/STM32F4xx_HAL_Driver/Src/stm32f4xx_hal_tim.o
                0x0000000008003194                HAL_TIM_IRQHandler
 .text.HAL_TIM_PWM_ConfigChannel
                0x00000000080033a4      0x184 ./Drivers/STM32F4xx_HAL_Driver/Src/stm32f4xx_hal_tim.o
                0x00000000080033a4                HAL_TIM_PWM_ConfigChannel
 .text.HAL_TIM_PeriodElapsedCallback
                0x0000000008003528       0x14 ./Drivers/STM32F4xx_HAL_Driver/Src/stm32f4xx_hal_tim.o
                0x0000000008003528                HAL_TIM_PeriodElapsedCallback
 .text.HAL_TIM_OC_DelayElapsedCallback
                0x000000000800353c       0x14 ./Drivers/STM32F4xx_HAL_Driver/Src/stm32f4xx_hal_tim.o
                0x000000000800353c                HAL_TIM_OC_DelayElapsedCallback
 .text.HAL_TIM_IC_CaptureCallback
                0x0000000008003550       0x14 ./Drivers/STM32F4xx_HAL_Driver/Src/stm32f4xx_hal_tim.o
                0x0000000008003550                HAL_TIM_IC_CaptureCallback
 .text.HAL_TIM_PWM_PulseFinishedCallback
                0x0000000008003564       0x14 ./Drivers/STM32F4xx_HAL_Driver/Src/stm32f4xx_hal_tim.o
                0x0000000008003564                HAL_TIM_PWM_PulseFinishedCallback
 .text.HAL_TIM_TriggerCallback
                0x0000000008003578       0x14 ./Drivers/STM32F4xx_HAL_Driver/Src/stm32f4xx_hal_tim.o
                0x0000000008003578                HAL_TIM_TriggerCallback
 .text.TIM_Base_SetConfig
                0x000000000800358c      0x140 ./Drivers/STM32F4xx_HAL_Driver/Src/stm32f4xx_hal_tim.o
                0x000000000800358c                TIM_Base_SetConfig
 .text.TIM_OC1_SetConfig
                0x00000000080036cc       0xe0 ./Drivers/STM32F4xx_HAL_Driver/Src/stm32f4xx_hal_tim.o
 .text.TIM_OC2_SetConfig
                0x00000000080037ac       0xec ./Drivers/STM32F4xx_HAL_Driver/Src/stm32f4xx_hal_tim.o
                0x00000000080037ac                TIM_OC2_SetConfig
 .text.TIM_OC3_SetConfig
                0x0000000008003898       0xe8 ./Drivers/STM32F4xx_HAL_Driver/Src/stm32f4xx_hal_tim.o
 .text.TIM_OC4_SetConfig
                0x0000000008003980       0xac ./Drivers/STM32F4xx_HAL_Driver/Src/stm32f4xx_hal_tim.o
 .text.HAL_TIMEx_MasterConfigSynchronization
                0x0000000008003a2c       0xf8 ./Drivers/STM32F4xx_HAL_Driver/Src/stm32f4xx_hal_tim_ex.o
                0x0000000008003a2c                HAL_TIMEx_MasterConfigSynchronization
 .text.HAL_TIMEx_ConfigBreakDeadTime
                0x0000000008003b24       0xa4 ./Drivers/STM32F4xx_HAL_Driver/Src/stm32f4xx_hal_tim_ex.o
                0x0000000008003b24                HAL_TIMEx_ConfigBreakDeadTime
 .text.HAL_TIMEx_CommutCallback
                0x0000000008003bc8       0x14 ./Drivers/STM32F4xx_HAL_Driver/Src/stm32f4xx_hal_tim_ex.o
                0x0000000008003bc8                HAL_TIMEx_CommutCallback
 .text.HAL_TIMEx_BreakCallback
                0x0000000008003bdc       0x14 ./Drivers/STM32F4xx_HAL_Driver/Src/stm32f4xx_hal_tim_ex.o
                0x0000000008003bdc                HAL_TIMEx_BreakCallback
 .text.LL_ADC_REG_SetSequencerLength
                0x0000000008003bf0       0x26 ./Drivers/STM32F4xx_HAL_Driver/Src/stm32f4xx_ll_adc.o
 .text.LL_ADC_IsEnabled
                0x0000000008003c16       0x26 ./Drivers/STM32F4xx_HAL_Driver/Src/stm32f4xx_ll_adc.o
 .text.LL_ADC_CommonInit
                0x0000000008003c3c       0x90 ./Drivers/STM32F4xx_HAL_Driver/Src/stm32f4xx_ll_adc.o
                0x0000000008003c3c                LL_ADC_CommonInit
 .text.LL_ADC_Init
                0x0000000008003ccc       0x58 ./Drivers/STM32F4xx_HAL_Driver/Src/stm32f4xx_ll_adc.o
                0x0000000008003ccc                LL_ADC_Init
 .text.LL_ADC_REG_Init
                0x0000000008003d24       0x84 ./Drivers/STM32F4xx_HAL_Driver/Src/stm32f4xx_ll_adc.o
                0x0000000008003d24                LL_ADC_REG_Init
 .text.LL_GPIO_SetPinMode
                0x0000000008003da8       0x5e ./Drivers/STM32F4xx_HAL_Driver/Src/stm32f4xx_ll_gpio.o
 .text.LL_GPIO_SetPinOutputType
                0x0000000008003e06       0x30 ./Drivers/STM32F4xx_HAL_Driver/Src/stm32f4xx_ll_gpio.o
 .text.LL_GPIO_SetPinSpeed
                0x0000000008003e36       0x5e ./Drivers/STM32F4xx_HAL_Driver/Src/stm32f4xx_ll_gpio.o
 .text.LL_GPIO_SetPinPull
                0x0000000008003e94       0x5e ./Drivers/STM32F4xx_HAL_Driver/Src/stm32f4xx_ll_gpio.o
 .text.LL_GPIO_SetAFPin_0_7
                0x0000000008003ef2       0x5e ./Drivers/STM32F4xx_HAL_Driver/Src/stm32f4xx_ll_gpio.o
 .text.LL_GPIO_SetAFPin_8_15
                0x0000000008003f50       0x62 ./Drivers/STM32F4xx_HAL_Driver/Src/stm32f4xx_ll_gpio.o
 .text.LL_GPIO_Init
                0x0000000008003fb2       0xe6 ./Drivers/STM32F4xx_HAL_Driver/Src/stm32f4xx_ll_gpio.o
                0x0000000008003fb2                LL_GPIO_Init
 .text.LL_TIM_SetPrescaler
                0x0000000008004098       0x1c ./Drivers/STM32F4xx_HAL_Driver/Src/stm32f4xx_ll_tim.o
 .text.LL_TIM_SetAutoReload
                0x00000000080040b4       0x1c ./Drivers/STM32F4xx_HAL_Driver/Src/stm32f4xx_ll_tim.o
 .text.LL_TIM_SetRepetitionCounter
                0x00000000080040d0       0x1c ./Drivers/STM32F4xx_HAL_Driver/Src/stm32f4xx_ll_tim.o
 .text.LL_TIM_GenerateEvent_UPDATE
                0x00000000080040ec       0x20 ./Drivers/STM32F4xx_HAL_Driver/Src/stm32f4xx_ll_tim.o
 .text.LL_TIM_Init
                0x000000000800410c      0x134 ./Drivers/STM32F4xx_HAL_Driver/Src/stm32f4xx_ll_tim.o
                0x000000000800410c                LL_TIM_Init
 .text.LL_mDelay
                0x0000000008004240       0x4c ./Drivers/STM32F4xx_HAL_Driver/Src/stm32f4xx_ll_utils.o
                0x0000000008004240                LL_mDelay
 .text.LL_SetSystemCoreClock
                0x000000000800428c       0x20 ./Drivers/STM32F4xx_HAL_Driver/Src/stm32f4xx_ll_utils.o
                0x000000000800428c                LL_SetSystemCoreClock
 .text.malloc   0x00000000080042ac       0x10 C:/ST/STM32CubeIDE_1.6.0/STM32CubeIDE/plugins/com.st.stm32cube.ide.mcu.externaltools.gnu-tools-for-stm32.11.3.rel1.win32_1.1.0.202305231506/tools/bin/../lib/gcc/arm-none-eabi/11.3.1/../../../../arm-none-eabi/lib/thumb/v7e-m+fp/hard\libc_nano.a(libc_a-malloc.o)
                0x00000000080042ac                malloc
 .text.sbrk_aligned
                0x00000000080042bc       0x40 C:/ST/STM32CubeIDE_1.6.0/STM32CubeIDE/plugins/com.st.stm32cube.ide.mcu.externaltools.gnu-tools-for-stm32.11.3.rel1.win32_1.1.0.202305231506/tools/bin/../lib/gcc/arm-none-eabi/11.3.1/../../../../arm-none-eabi/lib/thumb/v7e-m+fp/hard\libc_nano.a(libc_a-mallocr.o)
 .text._malloc_r
                0x00000000080042fc      0x100 C:/ST/STM32CubeIDE_1.6.0/STM32CubeIDE/plugins/com.st.stm32cube.ide.mcu.externaltools.gnu-tools-for-stm32.11.3.rel1.win32_1.1.0.202305231506/tools/bin/../lib/gcc/arm-none-eabi/11.3.1/../../../../arm-none-eabi/lib/thumb/v7e-m+fp/hard\libc_nano.a(libc_a-mallocr.o)
                0x00000000080042fc                _malloc_r
 .text.__malloc_lock
                0x00000000080043fc        0xc C:/ST/STM32CubeIDE_1.6.0/STM32CubeIDE/plugins/com.st.stm32cube.ide.mcu.externaltools.gnu-tools-for-stm32.11.3.rel1.win32_1.1.0.202305231506/tools/bin/../lib/gcc/arm-none-eabi/11.3.1/../../../../arm-none-eabi/lib/thumb/v7e-m+fp/hard\libc_nano.a(libc_a-mlock.o)
                0x00000000080043fc                __malloc_lock
 .text.__malloc_unlock
                0x0000000008004408        0xc C:/ST/STM32CubeIDE_1.6.0/STM32CubeIDE/plugins/com.st.stm32cube.ide.mcu.externaltools.gnu-tools-for-stm32.11.3.rel1.win32_1.1.0.202305231506/tools/bin/../lib/gcc/arm-none-eabi/11.3.1/../../../../arm-none-eabi/lib/thumb/v7e-m+fp/hard\libc_nano.a(libc_a-mlock.o)
                0x0000000008004408                __malloc_unlock
 .text.memset   0x0000000008004414       0x10 C:/ST/STM32CubeIDE_1.6.0/STM32CubeIDE/plugins/com.st.stm32cube.ide.mcu.externaltools.gnu-tools-for-stm32.11.3.rel1.win32_1.1.0.202305231506/tools/bin/../lib/gcc/arm-none-eabi/11.3.1/../../../../arm-none-eabi/lib/thumb/v7e-m+fp/hard\libc_nano.a(libc_a-memset.o)
                0x0000000008004414                memset
 .text._sbrk_r  0x0000000008004424       0x20 C:/ST/STM32CubeIDE_1.6.0/STM32CubeIDE/plugins/com.st.stm32cube.ide.mcu.externaltools.gnu-tools-for-stm32.11.3.rel1.win32_1.1.0.202305231506/tools/bin/../lib/gcc/arm-none-eabi/11.3.1/../../../../arm-none-eabi/lib/thumb/v7e-m+fp/hard\libc_nano.a(libc_a-sbrkr.o)
                0x0000000008004424                _sbrk_r
 .text.__errno  0x0000000008004444        0xc C:/ST/STM32CubeIDE_1.6.0/STM32CubeIDE/plugins/com.st.stm32cube.ide.mcu.externaltools.gnu-tools-for-stm32.11.3.rel1.win32_1.1.0.202305231506/tools/bin/../lib/gcc/arm-none-eabi/11.3.1/../../../../arm-none-eabi/lib/thumb/v7e-m+fp/hard\libc_nano.a(libc_a-errno.o)
                0x0000000008004444                __errno
 .text.__libc_init_array
                0x0000000008004450       0x48 C:/ST/STM32CubeIDE_1.6.0/STM32CubeIDE/plugins/com.st.stm32cube.ide.mcu.externaltools.gnu-tools-for-stm32.11.3.rel1.win32_1.1.0.202305231506/tools/bin/../lib/gcc/arm-none-eabi/11.3.1/../../../../arm-none-eabi/lib/thumb/v7e-m+fp/hard\libc_nano.a(libc_a-init.o)
                0x0000000008004450                __libc_init_array
 .text.__retarget_lock_acquire_recursive
                0x0000000008004498        0x2 C:/ST/STM32CubeIDE_1.6.0/STM32CubeIDE/plugins/com.st.stm32cube.ide.mcu.externaltools.gnu-tools-for-stm32.11.3.rel1.win32_1.1.0.202305231506/tools/bin/../lib/gcc/arm-none-eabi/11.3.1/../../../../arm-none-eabi/lib/thumb/v7e-m+fp/hard\libc_nano.a(libc_a-lock.o)
                0x0000000008004498                __retarget_lock_acquire_recursive
 .text.__retarget_lock_release_recursive
                0x000000000800449a        0x2 C:/ST/STM32CubeIDE_1.6.0/STM32CubeIDE/plugins/com.st.stm32cube.ide.mcu.externaltools.gnu-tools-for-stm32.11.3.rel1.win32_1.1.0.202305231506/tools/bin/../lib/gcc/arm-none-eabi/11.3.1/../../../../arm-none-eabi/lib/thumb/v7e-m+fp/hard\libc_nano.a(libc_a-lock.o)
                0x000000000800449a                __retarget_lock_release_recursive
 *(.glue_7)
 .glue_7        0x000000000800449c        0x0 linker stubs
 *(.glue_7t)
 .glue_7t       0x000000000800449c        0x0 linker stubs
 *(.eh_frame)
 .eh_frame      0x000000000800449c        0x0 C:/ST/STM32CubeIDE_1.6.0/STM32CubeIDE/plugins/com.st.stm32cube.ide.mcu.externaltools.gnu-tools-for-stm32.11.3.rel1.win32_1.1.0.202305231506/tools/bin/../lib/gcc/arm-none-eabi/11.3.1/thumb/v7e-m+fp/hard/crtbegin.o
 *(.init)
 .init          0x000000000800449c        0x4 C:/ST/STM32CubeIDE_1.6.0/STM32CubeIDE/plugins/com.st.stm32cube.ide.mcu.externaltools.gnu-tools-for-stm32.11.3.rel1.win32_1.1.0.202305231506/tools/bin/../lib/gcc/arm-none-eabi/11.3.1/thumb/v7e-m+fp/hard/crti.o
                0x000000000800449c                _init
 .init          0x00000000080044a0        0x8 C:/ST/STM32CubeIDE_1.6.0/STM32CubeIDE/plugins/com.st.stm32cube.ide.mcu.externaltools.gnu-tools-for-stm32.11.3.rel1.win32_1.1.0.202305231506/tools/bin/../lib/gcc/arm-none-eabi/11.3.1/thumb/v7e-m+fp/hard/crtn.o
 *(.fini)
 .fini          0x00000000080044a8        0x4 C:/ST/STM32CubeIDE_1.6.0/STM32CubeIDE/plugins/com.st.stm32cube.ide.mcu.externaltools.gnu-tools-for-stm32.11.3.rel1.win32_1.1.0.202305231506/tools/bin/../lib/gcc/arm-none-eabi/11.3.1/thumb/v7e-m+fp/hard/crti.o
                0x00000000080044a8                _fini
 .fini          0x00000000080044ac        0x8 C:/ST/STM32CubeIDE_1.6.0/STM32CubeIDE/plugins/com.st.stm32cube.ide.mcu.externaltools.gnu-tools-for-stm32.11.3.rel1.win32_1.1.0.202305231506/tools/bin/../lib/gcc/arm-none-eabi/11.3.1/thumb/v7e-m+fp/hard/crtn.o
                0x00000000080044b4                . = ALIGN (0x4)
                0x00000000080044b4                _etext = .

.vfp11_veneer   0x00000000080044b4        0x0
 .vfp11_veneer  0x00000000080044b4        0x0 linker stubs

.v4_bx          0x00000000080044b4        0x0
 .v4_bx         0x00000000080044b4        0x0 linker stubs

.iplt           0x00000000080044b4        0x0
 .iplt          0x00000000080044b4        0x0 C:/ST/STM32CubeIDE_1.6.0/STM32CubeIDE/plugins/com.st.stm32cube.ide.mcu.externaltools.gnu-tools-for-stm32.11.3.rel1.win32_1.1.0.202305231506/tools/bin/../lib/gcc/arm-none-eabi/11.3.1/thumb/v7e-m+fp/hard/crtbegin.o

.rodata         0x00000000080044b4       0x10
                0x00000000080044b4                . = ALIGN (0x4)
 *(.rodata)
 *(.rodata*)
 .rodata.STREAM_OFFSET_TAB
                0x00000000080044b4        0x8 ./Core/Src/adc.o
 .rodata.STREAM_OFFSET_TAB
                0x00000000080044bc        0x8 ./Core/Src/main.o
                0x00000000080044c4                . = ALIGN (0x4)

.rel.dyn        0x00000000080044c4        0x0
 .rel.iplt      0x00000000080044c4        0x0 C:/ST/STM32CubeIDE_1.6.0/STM32CubeIDE/plugins/com.st.stm32cube.ide.mcu.externaltools.gnu-tools-for-stm32.11.3.rel1.win32_1.1.0.202305231506/tools/bin/../lib/gcc/arm-none-eabi/11.3.1/thumb/v7e-m+fp/hard/crtbegin.o

.ARM.extab      0x00000000080044c4        0x0
                0x00000000080044c4                . = ALIGN (0x4)
 *(.ARM.extab* .gnu.linkonce.armextab.*)
                0x00000000080044c4                . = ALIGN (0x4)

.ARM            0x00000000080044c4        0x0
                0x00000000080044c4                . = ALIGN (0x4)
                0x00000000080044c4                __exidx_start = .
 *(.ARM.exidx*)
                0x00000000080044c4                __exidx_end = .
                0x00000000080044c4                . = ALIGN (0x4)

.preinit_array  0x00000000080044c4        0x0
                0x00000000080044c4                . = ALIGN (0x4)
                0x00000000080044c4                PROVIDE (__preinit_array_start = .)
 *(.preinit_array*)
                0x00000000080044c4                PROVIDE (__preinit_array_end = .)
                0x00000000080044c4                . = ALIGN (0x4)

.init_array     0x00000000080044c4        0x4
                0x00000000080044c4                . = ALIGN (0x4)
                0x00000000080044c4                PROVIDE (__init_array_start = .)
 *(SORT_BY_NAME(.init_array.*))
 *(.init_array*)
 .init_array    0x00000000080044c4        0x4 C:/ST/STM32CubeIDE_1.6.0/STM32CubeIDE/plugins/com.st.stm32cube.ide.mcu.externaltools.gnu-tools-for-stm32.11.3.rel1.win32_1.1.0.202305231506/tools/bin/../lib/gcc/arm-none-eabi/11.3.1/thumb/v7e-m+fp/hard/crtbegin.o
                0x00000000080044c8                PROVIDE (__init_array_end = .)
                0x00000000080044c8                . = ALIGN (0x4)

.fini_array     0x00000000080044c8        0x4
                0x00000000080044c8                . = ALIGN (0x4)
                [!provide]                        PROVIDE (__fini_array_start = .)
 *(SORT_BY_NAME(.fini_array.*))
 *(.fini_array*)
 .fini_array    0x00000000080044c8        0x4 C:/ST/STM32CubeIDE_1.6.0/STM32CubeIDE/plugins/com.st.stm32cube.ide.mcu.externaltools.gnu-tools-for-stm32.11.3.rel1.win32_1.1.0.202305231506/tools/bin/../lib/gcc/arm-none-eabi/11.3.1/thumb/v7e-m+fp/hard/crtbegin.o
                [!provide]                        PROVIDE (__fini_array_end = .)
                0x00000000080044cc                . = ALIGN (0x4)
                0x00000000080044cc                _sidata = LOADADDR (.data)

.data           0x0000000020000000       0x5c load address 0x00000000080044cc
                0x0000000020000000                . = ALIGN (0x4)
                0x0000000020000000                _sdata = .
 *(.data)
 *(.data*)
 .data.SystemCoreClock
                0x0000000020000000        0x4 ./Core/Src/system_stm32f4xx.o
                0x0000000020000000                SystemCoreClock
 .data.uwTickPrio
                0x0000000020000004        0x4 ./Drivers/STM32F4xx_HAL_Driver/Src/stm32f4xx_hal.o
                0x0000000020000004                uwTickPrio
 .data.uwTickFreq
                0x0000000020000008        0x1 ./Drivers/STM32F4xx_HAL_Driver/Src/stm32f4xx_hal.o
                0x0000000020000008                uwTickFreq
 *fill*         0x0000000020000009        0x3 
 .data._impure_data
                0x000000002000000c       0x4c C:/ST/STM32CubeIDE_1.6.0/STM32CubeIDE/plugins/com.st.stm32cube.ide.mcu.externaltools.gnu-tools-for-stm32.11.3.rel1.win32_1.1.0.202305231506/tools/bin/../lib/gcc/arm-none-eabi/11.3.1/../../../../arm-none-eabi/lib/thumb/v7e-m+fp/hard\libc_nano.a(libc_a-impure.o)
                0x000000002000000c                _impure_data
 .data._impure_ptr
                0x0000000020000058        0x4 C:/ST/STM32CubeIDE_1.6.0/STM32CubeIDE/plugins/com.st.stm32cube.ide.mcu.externaltools.gnu-tools-for-stm32.11.3.rel1.win32_1.1.0.202305231506/tools/bin/../lib/gcc/arm-none-eabi/11.3.1/../../../../arm-none-eabi/lib/thumb/v7e-m+fp/hard\libc_nano.a(libc_a-impure.o)
                0x0000000020000058                _impure_ptr
 *(.RamFunc)
 *(.RamFunc*)
                0x000000002000005c                . = ALIGN (0x4)
                0x000000002000005c                _edata = .

.igot.plt       0x000000002000005c        0x0 load address 0x0000000008004528
 .igot.plt      0x000000002000005c        0x0 C:/ST/STM32CubeIDE_1.6.0/STM32CubeIDE/plugins/com.st.stm32cube.ide.mcu.externaltools.gnu-tools-for-stm32.11.3.rel1.win32_1.1.0.202305231506/tools/bin/../lib/gcc/arm-none-eabi/11.3.1/thumb/v7e-m+fp/hard/crtbegin.o
                0x000000002000005c                . = ALIGN (0x4)

.bss            0x000000002000005c      0x318 load address 0x0000000008004528
                0x000000002000005c                _sbss = .
                0x000000002000005c                __bss_start__ = _sbss
 *(.bss)
 .bss           0x000000002000005c       0x1c C:/ST/STM32CubeIDE_1.6.0/STM32CubeIDE/plugins/com.st.stm32cube.ide.mcu.externaltools.gnu-tools-for-stm32.11.3.rel1.win32_1.1.0.202305231506/tools/bin/../lib/gcc/arm-none-eabi/11.3.1/thumb/v7e-m+fp/hard/crtbegin.o
 *(.bss*)
 .bss.Direction1
                0x0000000020000078        0x8 ./Core/Src/main.o
                0x0000000020000078                Direction1
 .bss.Direction2
                0x0000000020000080        0x8 ./Core/Src/main.o
                0x0000000020000080                Direction2
 .bss.MotorDutyVelocity1
                0x0000000020000088        0x8 ./Core/Src/main.o
                0x0000000020000088                MotorDutyVelocity1
 .bss.MotorDutyVelocity2
                0x0000000020000090        0x8 ./Core/Src/main.o
                0x0000000020000090                MotorDutyVelocity2
 .bss.DutyTarget1
                0x0000000020000098        0x4 ./Core/Src/main.o
                0x0000000020000098                DutyTarget1
 .bss.DutyTarget2
                0x000000002000009c        0x4 ./Core/Src/main.o
                0x000000002000009c                DutyTarget2
 .bss.adc_rawdata
                0x00000000200000a0       0x2c ./Core/Src/main.o
                0x00000000200000a0                adc_rawdata
 .bss.PSD_front_left
                0x00000000200000cc       0x10 ./Core/Src/main.o
                0x00000000200000cc                PSD_front_left
 .bss.PSD_front_right
                0x00000000200000dc       0x10 ./Core/Src/main.o
                0x00000000200000dc                PSD_front_right
 .bss.PSD_back_left
                0x00000000200000ec       0x10 ./Core/Src/main.o
                0x00000000200000ec                PSD_back_left
 .bss.PSD_back_right
                0x00000000200000fc       0x10 ./Core/Src/main.o
                0x00000000200000fc                PSD_back_right
 .bss.PSD_bottom
                0x000000002000010c       0x10 ./Core/Src/main.o
                0x000000002000010c                PSD_bottom
 .bss.IR1       0x000000002000011c       0x10 ./Core/Src/main.o
                0x000000002000011c                IR1
 .bss.IR2       0x000000002000012c       0x10 ./Core/Src/main.o
                0x000000002000012c                IR2
 .bss.PSD_Side1
                0x000000002000013c       0x10 ./Core/Src/main.o
                0x000000002000013c                PSD_Side1
 .bss.PSD_Side2
                0x000000002000014c       0x10 ./Core/Src/main.o
                0x000000002000014c                PSD_Side2
 .bss.firstleft
                0x000000002000015c        0x4 ./Core/Src/main.o
                0x000000002000015c                firstleft
 .bss.secondfront
                0x0000000020000160        0x4 ./Core/Src/main.o
                0x0000000020000160                secondfront
 .bss.thirdleft
                0x0000000020000164        0x4 ./Core/Src/main.o
                0x0000000020000164                thirdleft
 .bss.fourthfront
                0x0000000020000168        0x4 ./Core/Src/main.o
                0x0000000020000168                fourthfront
 .bss.QTI_front_left
                0x000000002000016c        0x4 ./Core/Src/stm32f4xx_it.o
                0x000000002000016c                QTI_front_left
 .bss.QTI_front_right
                0x0000000020000170        0x4 ./Core/Src/stm32f4xx_it.o
                0x0000000020000170                QTI_front_right
 .bss.frontQTIflag
                0x0000000020000174        0x4 ./Core/Src/stm32f4xx_it.o
                0x0000000020000174                frontQTIflag
 .bss.cameraflag
                0x0000000020000178        0x4 ./Core/Src/stm32f4xx_it.o
                0x0000000020000178                cameraflag
 .bss.DIRpixy   0x000000002000017c        0x4 ./Core/Src/stm32f4xx_it.o
                0x000000002000017c                DIRpixy
 .bss.hitflag   0x0000000020000180        0x4 ./Core/Src/stm32f4xx_it.o
                0x0000000020000180                hitflag
 .bss.hitcount  0x0000000020000184        0x4 ./Core/Src/stm32f4xx_it.o
                0x0000000020000184                hitcount
 .bss.startcount
                0x0000000020000188        0x4 ./Core/Src/stm32f4xx_it.o
                0x0000000020000188                startcount
 .bss.startflag
                0x000000002000018c        0x4 ./Core/Src/stm32f4xx_it.o
                0x000000002000018c                startflag
 .bss.stopcnt   0x0000000020000190        0x4 ./Core/Src/stm32f4xx_it.o
                0x0000000020000190                stopcnt
 .bss.__sbrk_heap_end
                0x0000000020000194        0x4 ./Core/Src/sysmem.o
 .bss.htim1     0x0000000020000198       0x48 ./Core/Src/tim.o
                0x0000000020000198                htim1
 .bss.htim7     0x00000000200001e0       0x48 ./Core/Src/tim.o
                0x00000000200001e0                htim7
 .bss.uwTick    0x0000000020000228        0x4 ./Drivers/STM32F4xx_HAL_Driver/Src/stm32f4xx_hal.o
                0x0000000020000228                uwTick
 .bss.__malloc_free_list
                0x000000002000022c        0x4 C:/ST/STM32CubeIDE_1.6.0/STM32CubeIDE/plugins/com.st.stm32cube.ide.mcu.externaltools.gnu-tools-for-stm32.11.3.rel1.win32_1.1.0.202305231506/tools/bin/../lib/gcc/arm-none-eabi/11.3.1/../../../../arm-none-eabi/lib/thumb/v7e-m+fp/hard\libc_nano.a(libc_a-mallocr.o)
                0x000000002000022c                __malloc_free_list
 .bss.__malloc_sbrk_start
                0x0000000020000230        0x4 C:/ST/STM32CubeIDE_1.6.0/STM32CubeIDE/plugins/com.st.stm32cube.ide.mcu.externaltools.gnu-tools-for-stm32.11.3.rel1.win32_1.1.0.202305231506/tools/bin/../lib/gcc/arm-none-eabi/11.3.1/../../../../arm-none-eabi/lib/thumb/v7e-m+fp/hard\libc_nano.a(libc_a-mallocr.o)
                0x0000000020000230                __malloc_sbrk_start
 .bss.__sf      0x0000000020000234      0x138 C:/ST/STM32CubeIDE_1.6.0/STM32CubeIDE/plugins/com.st.stm32cube.ide.mcu.externaltools.gnu-tools-for-stm32.11.3.rel1.win32_1.1.0.202305231506/tools/bin/../lib/gcc/arm-none-eabi/11.3.1/../../../../arm-none-eabi/lib/thumb/v7e-m+fp/hard\libc_nano.a(libc_a-findfp.o)
                0x0000000020000234                __sf
 .bss.errno     0x000000002000036c        0x4 C:/ST/STM32CubeIDE_1.6.0/STM32CubeIDE/plugins/com.st.stm32cube.ide.mcu.externaltools.gnu-tools-for-stm32.11.3.rel1.win32_1.1.0.202305231506/tools/bin/../lib/gcc/arm-none-eabi/11.3.1/../../../../arm-none-eabi/lib/thumb/v7e-m+fp/hard\libc_nano.a(libc_a-reent.o)
                0x000000002000036c                errno
 .bss.__lock___malloc_recursive_mutex
                0x0000000020000370        0x1 C:/ST/STM32CubeIDE_1.6.0/STM32CubeIDE/plugins/com.st.stm32cube.ide.mcu.externaltools.gnu-tools-for-stm32.11.3.rel1.win32_1.1.0.202305231506/tools/bin/../lib/gcc/arm-none-eabi/11.3.1/../../../../arm-none-eabi/lib/thumb/v7e-m+fp/hard\libc_nano.a(libc_a-lock.o)
                0x0000000020000370                __lock___malloc_recursive_mutex
 *(COMMON)
                0x0000000020000374                . = ALIGN (0x4)
 *fill*         0x0000000020000371        0x3 
                0x0000000020000374                _ebss = .
                0x0000000020000374                __bss_end__ = _ebss

._user_heap_stack
                0x0000000020000374      0x604 load address 0x0000000008004528
                0x0000000020000378                . = ALIGN (0x8)
 *fill*         0x0000000020000374        0x4 
                [!provide]                        PROVIDE (end = .)
                0x0000000020000378                PROVIDE (_end = .)
                0x0000000020000578                . = (. + _Min_Heap_Size)
 *fill*         0x0000000020000378      0x200 
                0x0000000020000978                . = (. + _Min_Stack_Size)
 *fill*         0x0000000020000578      0x400 
                0x0000000020000978                . = ALIGN (0x8)

/DISCARD/
 libc.a(*)
 libm.a(*)
 libgcc.a(*)

.ARM.attributes
                0x0000000000000000       0x30
 *(.ARM.attributes)
 .ARM.attributes
                0x0000000000000000       0x1e C:/ST/STM32CubeIDE_1.6.0/STM32CubeIDE/plugins/com.st.stm32cube.ide.mcu.externaltools.gnu-tools-for-stm32.11.3.rel1.win32_1.1.0.202305231506/tools/bin/../lib/gcc/arm-none-eabi/11.3.1/thumb/v7e-m+fp/hard/crti.o
 .ARM.attributes
                0x000000000000001e       0x34 C:/ST/STM32CubeIDE_1.6.0/STM32CubeIDE/plugins/com.st.stm32cube.ide.mcu.externaltools.gnu-tools-for-stm32.11.3.rel1.win32_1.1.0.202305231506/tools/bin/../lib/gcc/arm-none-eabi/11.3.1/thumb/v7e-m+fp/hard/crtbegin.o
 .ARM.attributes
                0x0000000000000052       0x34 ./Core/Src/JControl.o
 .ARM.attributes
                0x0000000000000086       0x34 ./Core/Src/JSensing.o
 .ARM.attributes
                0x00000000000000ba       0x34 ./Core/Src/adc.o
 .ARM.attributes
                0x00000000000000ee       0x34 ./Core/Src/dma.o
 .ARM.attributes
                0x0000000000000122       0x34 ./Core/Src/gpio.o
 .ARM.attributes
                0x0000000000000156       0x34 ./Core/Src/main.o
 .ARM.attributes
                0x000000000000018a       0x34 ./Core/Src/stm32f4xx_hal_msp.o
 .ARM.attributes
                0x00000000000001be       0x34 ./Core/Src/stm32f4xx_it.o
 .ARM.attributes
                0x00000000000001f2       0x34 ./Core/Src/sysmem.o
 .ARM.attributes
                0x0000000000000226       0x34 ./Core/Src/system_stm32f4xx.o
 .ARM.attributes
                0x000000000000025a       0x34 ./Core/Src/tim.o
 .ARM.attributes
                0x000000000000028e       0x21 ./Core/Startup/startup_stm32f446retx.o
 .ARM.attributes
                0x00000000000002af       0x34 ./Drivers/STM32F4xx_HAL_Driver/Src/stm32f4xx_hal.o
 .ARM.attributes
                0x00000000000002e3       0x34 ./Drivers/STM32F4xx_HAL_Driver/Src/stm32f4xx_hal_cortex.o
 .ARM.attributes
                0x0000000000000317       0x34 ./Drivers/STM32F4xx_HAL_Driver/Src/stm32f4xx_hal_gpio.o
 .ARM.attributes
                0x000000000000034b       0x34 ./Drivers/STM32F4xx_HAL_Driver/Src/stm32f4xx_hal_tim.o
 .ARM.attributes
                0x000000000000037f       0x34 ./Drivers/STM32F4xx_HAL_Driver/Src/stm32f4xx_hal_tim_ex.o
 .ARM.attributes
                0x00000000000003b3       0x34 ./Drivers/STM32F4xx_HAL_Driver/Src/stm32f4xx_ll_adc.o
 .ARM.attributes
                0x00000000000003e7       0x34 ./Drivers/STM32F4xx_HAL_Driver/Src/stm32f4xx_ll_gpio.o
 .ARM.attributes
                0x000000000000041b       0x34 ./Drivers/STM32F4xx_HAL_Driver/Src/stm32f4xx_ll_tim.o
 .ARM.attributes
                0x000000000000044f       0x34 ./Drivers/STM32F4xx_HAL_Driver/Src/stm32f4xx_ll_utils.o
 .ARM.attributes
                0x0000000000000483       0x34 C:/ST/STM32CubeIDE_1.6.0/STM32CubeIDE/plugins/com.st.stm32cube.ide.mcu.externaltools.gnu-tools-for-stm32.11.3.rel1.win32_1.1.0.202305231506/tools/bin/../lib/gcc/arm-none-eabi/11.3.1/../../../../arm-none-eabi/lib/thumb/v7e-m+fp/hard\libc_nano.a(libc_a-malloc.o)
 .ARM.attributes
                0x00000000000004b7       0x34 C:/ST/STM32CubeIDE_1.6.0/STM32CubeIDE/plugins/com.st.stm32cube.ide.mcu.externaltools.gnu-tools-for-stm32.11.3.rel1.win32_1.1.0.202305231506/tools/bin/../lib/gcc/arm-none-eabi/11.3.1/../../../../arm-none-eabi/lib/thumb/v7e-m+fp/hard\libc_nano.a(libc_a-mallocr.o)
 .ARM.attributes
                0x00000000000004eb       0x34 C:/ST/STM32CubeIDE_1.6.0/STM32CubeIDE/plugins/com.st.stm32cube.ide.mcu.externaltools.gnu-tools-for-stm32.11.3.rel1.win32_1.1.0.202305231506/tools/bin/../lib/gcc/arm-none-eabi/11.3.1/../../../../arm-none-eabi/lib/thumb/v7e-m+fp/hard\libc_nano.a(libc_a-mlock.o)
 .ARM.attributes
                0x000000000000051f       0x34 C:/ST/STM32CubeIDE_1.6.0/STM32CubeIDE/plugins/com.st.stm32cube.ide.mcu.externaltools.gnu-tools-for-stm32.11.3.rel1.win32_1.1.0.202305231506/tools/bin/../lib/gcc/arm-none-eabi/11.3.1/../../../../arm-none-eabi/lib/thumb/v7e-m+fp/hard\libc_nano.a(libc_a-findfp.o)
 .ARM.attributes
                0x0000000000000553       0x34 C:/ST/STM32CubeIDE_1.6.0/STM32CubeIDE/plugins/com.st.stm32cube.ide.mcu.externaltools.gnu-tools-for-stm32.11.3.rel1.win32_1.1.0.202305231506/tools/bin/../lib/gcc/arm-none-eabi/11.3.1/../../../../arm-none-eabi/lib/thumb/v7e-m+fp/hard\libc_nano.a(libc_a-memset.o)
 .ARM.attributes
                0x0000000000000587       0x34 C:/ST/STM32CubeIDE_1.6.0/STM32CubeIDE/plugins/com.st.stm32cube.ide.mcu.externaltools.gnu-tools-for-stm32.11.3.rel1.win32_1.1.0.202305231506/tools/bin/../lib/gcc/arm-none-eabi/11.3.1/../../../../arm-none-eabi/lib/thumb/v7e-m+fp/hard\libc_nano.a(libc_a-reent.o)
 .ARM.attributes
                0x00000000000005bb       0x34 C:/ST/STM32CubeIDE_1.6.0/STM32CubeIDE/plugins/com.st.stm32cube.ide.mcu.externaltools.gnu-tools-for-stm32.11.3.rel1.win32_1.1.0.202305231506/tools/bin/../lib/gcc/arm-none-eabi/11.3.1/../../../../arm-none-eabi/lib/thumb/v7e-m+fp/hard\libc_nano.a(libc_a-impure.o)
 .ARM.attributes
                0x00000000000005ef       0x34 C:/ST/STM32CubeIDE_1.6.0/STM32CubeIDE/plugins/com.st.stm32cube.ide.mcu.externaltools.gnu-tools-for-stm32.11.3.rel1.win32_1.1.0.202305231506/tools/bin/../lib/gcc/arm-none-eabi/11.3.1/../../../../arm-none-eabi/lib/thumb/v7e-m+fp/hard\libc_nano.a(libc_a-sbrkr.o)
 .ARM.attributes
                0x0000000000000623       0x34 C:/ST/STM32CubeIDE_1.6.0/STM32CubeIDE/plugins/com.st.stm32cube.ide.mcu.externaltools.gnu-tools-for-stm32.11.3.rel1.win32_1.1.0.202305231506/tools/bin/../lib/gcc/arm-none-eabi/11.3.1/../../../../arm-none-eabi/lib/thumb/v7e-m+fp/hard\libc_nano.a(libc_a-errno.o)
 .ARM.attributes
                0x0000000000000657       0x34 C:/ST/STM32CubeIDE_1.6.0/STM32CubeIDE/plugins/com.st.stm32cube.ide.mcu.externaltools.gnu-tools-for-stm32.11.3.rel1.win32_1.1.0.202305231506/tools/bin/../lib/gcc/arm-none-eabi/11.3.1/../../../../arm-none-eabi/lib/thumb/v7e-m+fp/hard\libc_nano.a(libc_a-init.o)
 .ARM.attributes
                0x000000000000068b       0x34 C:/ST/STM32CubeIDE_1.6.0/STM32CubeIDE/plugins/com.st.stm32cube.ide.mcu.externaltools.gnu-tools-for-stm32.11.3.rel1.win32_1.1.0.202305231506/tools/bin/../lib/gcc/arm-none-eabi/11.3.1/../../../../arm-none-eabi/lib/thumb/v7e-m+fp/hard\libc_nano.a(libc_a-lock.o)
 .ARM.attributes
                0x00000000000006bf       0x1e C:/ST/STM32CubeIDE_1.6.0/STM32CubeIDE/plugins/com.st.stm32cube.ide.mcu.externaltools.gnu-tools-for-stm32.11.3.rel1.win32_1.1.0.202305231506/tools/bin/../lib/gcc/arm-none-eabi/11.3.1/thumb/v7e-m+fp/hard\libgcc.a(_arm_addsubdf3.o)
 .ARM.attributes
                0x00000000000006dd       0x1e C:/ST/STM32CubeIDE_1.6.0/STM32CubeIDE/plugins/com.st.stm32cube.ide.mcu.externaltools.gnu-tools-for-stm32.11.3.rel1.win32_1.1.0.202305231506/tools/bin/../lib/gcc/arm-none-eabi/11.3.1/thumb/v7e-m+fp/hard\libgcc.a(_arm_fixdfsi.o)
 .ARM.attributes
                0x00000000000006fb       0x1e C:/ST/STM32CubeIDE_1.6.0/STM32CubeIDE/plugins/com.st.stm32cube.ide.mcu.externaltools.gnu-tools-for-stm32.11.3.rel1.win32_1.1.0.202305231506/tools/bin/../lib/gcc/arm-none-eabi/11.3.1/thumb/v7e-m+fp/hard/crtn.o
OUTPUT(2023_IRC_Sumo.elf elf32-littlearm)
LOAD linker stubs
LOAD C:/ST/STM32CubeIDE_1.6.0/STM32CubeIDE/plugins/com.st.stm32cube.ide.mcu.externaltools.gnu-tools-for-stm32.11.3.rel1.win32_1.1.0.202305231506/tools/bin/../lib/gcc/arm-none-eabi/11.3.1/../../../../arm-none-eabi/lib/thumb/v7e-m+fp/hard\libc.a
LOAD C:/ST/STM32CubeIDE_1.6.0/STM32CubeIDE/plugins/com.st.stm32cube.ide.mcu.externaltools.gnu-tools-for-stm32.11.3.rel1.win32_1.1.0.202305231506/tools/bin/../lib/gcc/arm-none-eabi/11.3.1/../../../../arm-none-eabi/lib/thumb/v7e-m+fp/hard\libm.a
LOAD C:/ST/STM32CubeIDE_1.6.0/STM32CubeIDE/plugins/com.st.stm32cube.ide.mcu.externaltools.gnu-tools-for-stm32.11.3.rel1.win32_1.1.0.202305231506/tools/bin/../lib/gcc/arm-none-eabi/11.3.1/thumb/v7e-m+fp/hard\libgcc.a

.comment        0x0000000000000000       0x43
 .comment       0x0000000000000000       0x43 C:/ST/STM32CubeIDE_1.6.0/STM32CubeIDE/plugins/com.st.stm32cube.ide.mcu.externaltools.gnu-tools-for-stm32.11.3.rel1.win32_1.1.0.202305231506/tools/bin/../lib/gcc/arm-none-eabi/11.3.1/thumb/v7e-m+fp/hard/crtbegin.o
                                         0x44 (size before relaxing)
 .comment       0x0000000000000043       0x44 ./Core/Src/JControl.o
 .comment       0x0000000000000043       0x44 ./Core/Src/JSensing.o
 .comment       0x0000000000000043       0x44 ./Core/Src/adc.o
 .comment       0x0000000000000043       0x44 ./Core/Src/dma.o
 .comment       0x0000000000000043       0x44 ./Core/Src/gpio.o
 .comment       0x0000000000000043       0x44 ./Core/Src/main.o
 .comment       0x0000000000000043       0x44 ./Core/Src/stm32f4xx_hal_msp.o
 .comment       0x0000000000000043       0x44 ./Core/Src/stm32f4xx_it.o
 .comment       0x0000000000000043       0x44 ./Core/Src/sysmem.o
 .comment       0x0000000000000043       0x44 ./Core/Src/system_stm32f4xx.o
 .comment       0x0000000000000043       0x44 ./Core/Src/tim.o
 .comment       0x0000000000000043       0x44 ./Drivers/STM32F4xx_HAL_Driver/Src/stm32f4xx_hal.o
 .comment       0x0000000000000043       0x44 ./Drivers/STM32F4xx_HAL_Driver/Src/stm32f4xx_hal_cortex.o
 .comment       0x0000000000000043       0x44 ./Drivers/STM32F4xx_HAL_Driver/Src/stm32f4xx_hal_gpio.o
 .comment       0x0000000000000043       0x44 ./Drivers/STM32F4xx_HAL_Driver/Src/stm32f4xx_hal_tim.o
 .comment       0x0000000000000043       0x44 ./Drivers/STM32F4xx_HAL_Driver/Src/stm32f4xx_hal_tim_ex.o
 .comment       0x0000000000000043       0x44 ./Drivers/STM32F4xx_HAL_Driver/Src/stm32f4xx_ll_adc.o
 .comment       0x0000000000000043       0x44 ./Drivers/STM32F4xx_HAL_Driver/Src/stm32f4xx_ll_gpio.o
 .comment       0x0000000000000043       0x44 ./Drivers/STM32F4xx_HAL_Driver/Src/stm32f4xx_ll_tim.o
 .comment       0x0000000000000043       0x44 ./Drivers/STM32F4xx_HAL_Driver/Src/stm32f4xx_ll_utils.o

.debug_info     0x0000000000000000     0xead9
 .debug_info    0x0000000000000000      0x721 ./Core/Src/JControl.o
 .debug_info    0x0000000000000721      0x57f ./Core/Src/JSensing.o
 .debug_info    0x0000000000000ca0      0xcc2 ./Core/Src/adc.o
 .debug_info    0x0000000000001962      0x9c1 ./Core/Src/dma.o
 .debug_info    0x0000000000002323      0x4d1 ./Core/Src/gpio.o
 .debug_info    0x00000000000027f4      0xe55 ./Core/Src/main.o
 .debug_info    0x0000000000003649      0x350 ./Core/Src/stm32f4xx_hal_msp.o
 .debug_info    0x0000000000003999      0xef8 ./Core/Src/stm32f4xx_it.o
 .debug_info    0x0000000000004891      0x168 ./Core/Src/sysmem.o
 .debug_info    0x00000000000049f9      0x54a ./Core/Src/system_stm32f4xx.o
 .debug_info    0x0000000000004f43     0x163f ./Core/Src/tim.o
 .debug_info    0x0000000000006582       0x23 ./Core/Startup/startup_stm32f446retx.o
 .debug_info    0x00000000000065a5      0x99e ./Drivers/STM32F4xx_HAL_Driver/Src/stm32f4xx_hal.o
 .debug_info    0x0000000000006f43      0xd64 ./Drivers/STM32F4xx_HAL_Driver/Src/stm32f4xx_hal_cortex.o
 .debug_info    0x0000000000007ca7      0x70b ./Drivers/STM32F4xx_HAL_Driver/Src/stm32f4xx_hal_gpio.o
 .debug_info    0x00000000000083b2     0x2948 ./Drivers/STM32F4xx_HAL_Driver/Src/stm32f4xx_hal_tim.o
 .debug_info    0x000000000000acfa     0x14ae ./Drivers/STM32F4xx_HAL_Driver/Src/stm32f4xx_hal_tim_ex.o
 .debug_info    0x000000000000c1a8      0x8c4 ./Drivers/STM32F4xx_HAL_Driver/Src/stm32f4xx_ll_adc.o
 .debug_info    0x000000000000ca6c      0x7ea ./Drivers/STM32F4xx_HAL_Driver/Src/stm32f4xx_ll_gpio.o
 .debug_info    0x000000000000d256      0xf39 ./Drivers/STM32F4xx_HAL_Driver/Src/stm32f4xx_ll_tim.o
 .debug_info    0x000000000000e18f      0x94a ./Drivers/STM32F4xx_HAL_Driver/Src/stm32f4xx_ll_utils.o

.debug_abbrev   0x0000000000000000     0x283b
 .debug_abbrev  0x0000000000000000      0x1a3 ./Core/Src/JControl.o
 .debug_abbrev  0x00000000000001a3      0x1dc ./Core/Src/JSensing.o
 .debug_abbrev  0x000000000000037f      0x1e7 ./Core/Src/adc.o
 .debug_abbrev  0x0000000000000566      0x198 ./Core/Src/dma.o
 .debug_abbrev  0x00000000000006fe      0x198 ./Core/Src/gpio.o
 .debug_abbrev  0x0000000000000896      0x2de ./Core/Src/main.o
 .debug_abbrev  0x0000000000000b74       0xdd ./Core/Src/stm32f4xx_hal_msp.o
 .debug_abbrev  0x0000000000000c51      0x348 ./Core/Src/stm32f4xx_it.o
 .debug_abbrev  0x0000000000000f99       0xbc ./Core/Src/sysmem.o
 .debug_abbrev  0x0000000000001055      0x11a ./Core/Src/system_stm32f4xx.o
 .debug_abbrev  0x000000000000116f      0x2cc ./Core/Src/tim.o
 .debug_abbrev  0x000000000000143b       0x12 ./Core/Startup/startup_stm32f446retx.o
 .debug_abbrev  0x000000000000144d      0x213 ./Drivers/STM32F4xx_HAL_Driver/Src/stm32f4xx_hal.o
 .debug_abbrev  0x0000000000001660      0x327 ./Drivers/STM32F4xx_HAL_Driver/Src/stm32f4xx_hal_cortex.o
 .debug_abbrev  0x0000000000001987      0x1d4 ./Drivers/STM32F4xx_HAL_Driver/Src/stm32f4xx_hal_gpio.o
 .debug_abbrev  0x0000000000001b5b      0x271 ./Drivers/STM32F4xx_HAL_Driver/Src/stm32f4xx_hal_tim.o
 .debug_abbrev  0x0000000000001dcc      0x27c ./Drivers/STM32F4xx_HAL_Driver/Src/stm32f4xx_hal_tim_ex.o
 .debug_abbrev  0x0000000000002048      0x1a1 ./Drivers/STM32F4xx_HAL_Driver/Src/stm32f4xx_ll_adc.o
 .debug_abbrev  0x00000000000021e9      0x220 ./Drivers/STM32F4xx_HAL_Driver/Src/stm32f4xx_ll_gpio.o
 .debug_abbrev  0x0000000000002409      0x20f ./Drivers/STM32F4xx_HAL_Driver/Src/stm32f4xx_ll_tim.o
 .debug_abbrev  0x0000000000002618      0x223 ./Drivers/STM32F4xx_HAL_Driver/Src/stm32f4xx_ll_utils.o

.debug_aranges  0x0000000000000000     0x1040
 .debug_aranges
                0x0000000000000000       0x68 ./Core/Src/JControl.o
 .debug_aranges
                0x0000000000000068       0x50 ./Core/Src/JSensing.o
 .debug_aranges
                0x00000000000000b8       0x90 ./Core/Src/adc.o
 .debug_aranges
                0x0000000000000148       0x48 ./Core/Src/dma.o
 .debug_aranges
                0x0000000000000190       0x30 ./Core/Src/gpio.o
 .debug_aranges
                0x00000000000001c0      0x118 ./Core/Src/main.o
 .debug_aranges
                0x00000000000002d8       0x20 ./Core/Src/stm32f4xx_hal_msp.o
 .debug_aranges
                0x00000000000002f8      0x150 ./Core/Src/stm32f4xx_it.o
 .debug_aranges
                0x0000000000000448       0x20 ./Core/Src/sysmem.o
 .debug_aranges
                0x0000000000000468       0x28 ./Core/Src/system_stm32f4xx.o
 .debug_aranges
                0x0000000000000490       0xb0 ./Core/Src/tim.o
 .debug_aranges
                0x0000000000000540       0x28 ./Core/Startup/startup_stm32f446retx.o
 .debug_aranges
                0x0000000000000568       0xf0 ./Drivers/STM32F4xx_HAL_Driver/Src/stm32f4xx_hal.o
 .debug_aranges
                0x0000000000000658      0x118 ./Drivers/STM32F4xx_HAL_Driver/Src/stm32f4xx_hal_cortex.o
 .debug_aranges
                0x0000000000000770       0x58 ./Drivers/STM32F4xx_HAL_Driver/Src/stm32f4xx_hal_gpio.o
 .debug_aranges
                0x00000000000007c8      0x3d0 ./Drivers/STM32F4xx_HAL_Driver/Src/stm32f4xx_hal_tim.o
 .debug_aranges
                0x0000000000000b98      0x168 ./Drivers/STM32F4xx_HAL_Driver/Src/stm32f4xx_hal_tim_ex.o
 .debug_aranges
                0x0000000000000d00       0xa8 ./Drivers/STM32F4xx_HAL_Driver/Src/stm32f4xx_ll_adc.o
 .debug_aranges
                0x0000000000000da8       0x70 ./Drivers/STM32F4xx_HAL_Driver/Src/stm32f4xx_ll_gpio.o
 .debug_aranges
                0x0000000000000e18      0x128 ./Drivers/STM32F4xx_HAL_Driver/Src/stm32f4xx_ll_tim.o
 .debug_aranges
                0x0000000000000f40      0x100 ./Drivers/STM32F4xx_HAL_Driver/Src/stm32f4xx_ll_utils.o

.debug_rnglists
                0x0000000000000000      0xc52
 .debug_rnglists
                0x0000000000000000       0x4d ./Core/Src/JControl.o
 .debug_rnglists
                0x000000000000004d       0x3b ./Core/Src/JSensing.o
 .debug_rnglists
                0x0000000000000088       0x69 ./Core/Src/adc.o
 .debug_rnglists
                0x00000000000000f1       0x31 ./Core/Src/dma.o
 .debug_rnglists
                0x0000000000000122       0x20 ./Core/Src/gpio.o
 .debug_rnglists
                0x0000000000000142       0xcf ./Core/Src/main.o
 .debug_rnglists
                0x0000000000000211       0x13 ./Core/Src/stm32f4xx_hal_msp.o
 .debug_rnglists
                0x0000000000000224       0xfb ./Core/Src/stm32f4xx_it.o
 .debug_rnglists
                0x000000000000031f       0x13 ./Core/Src/sysmem.o
 .debug_rnglists
                0x0000000000000332       0x1a ./Core/Src/system_stm32f4xx.o
 .debug_rnglists
                0x000000000000034c       0x82 ./Core/Src/tim.o
 .debug_rnglists
                0x00000000000003ce       0x19 ./Core/Startup/startup_stm32f446retx.o
 .debug_rnglists
                0x00000000000003e7       0xaf ./Drivers/STM32F4xx_HAL_Driver/Src/stm32f4xx_hal.o
 .debug_rnglists
                0x0000000000000496       0xce ./Drivers/STM32F4xx_HAL_Driver/Src/stm32f4xx_hal_cortex.o
 .debug_rnglists
                0x0000000000000564       0x3f ./Drivers/STM32F4xx_HAL_Driver/Src/stm32f4xx_hal_gpio.o
 .debug_rnglists
                0x00000000000005a3      0x31a ./Drivers/STM32F4xx_HAL_Driver/Src/stm32f4xx_hal_tim.o
 .debug_rnglists
                0x00000000000008bd      0x125 ./Drivers/STM32F4xx_HAL_Driver/Src/stm32f4xx_hal_tim_ex.o
 .debug_rnglists
                0x00000000000009e2       0x7d ./Drivers/STM32F4xx_HAL_Driver/Src/stm32f4xx_ll_adc.o
 .debug_rnglists
                0x0000000000000a5f       0x51 ./Drivers/STM32F4xx_HAL_Driver/Src/stm32f4xx_ll_gpio.o
 .debug_rnglists
                0x0000000000000ab0       0xe4 ./Drivers/STM32F4xx_HAL_Driver/Src/stm32f4xx_ll_tim.o
 .debug_rnglists
                0x0000000000000b94       0xbe ./Drivers/STM32F4xx_HAL_Driver/Src/stm32f4xx_ll_utils.o

.debug_macro    0x0000000000000000    0x26d00
 .debug_macro   0x0000000000000000      0x240 ./Core/Src/JControl.o
 .debug_macro   0x0000000000000240      0xaae ./Core/Src/JControl.o
 .debug_macro   0x0000000000000cee      0x295 ./Core/Src/JControl.o
 .debug_macro   0x0000000000000f83       0x2e ./Core/Src/JControl.o
 .debug_macro   0x0000000000000fb1       0x28 ./Core/Src/JControl.o
 .debug_macro   0x0000000000000fd9       0x22 ./Core/Src/JControl.o
 .debug_macro   0x0000000000000ffb       0x8e ./Core/Src/JControl.o
 .debug_macro   0x0000000000001089       0x51 ./Core/Src/JControl.o
 .debug_macro   0x00000000000010da      0x103 ./Core/Src/JControl.o
 .debug_macro   0x00000000000011dd       0x6a ./Core/Src/JControl.o
 .debug_macro   0x0000000000001247      0x1df ./Core/Src/JControl.o
 .debug_macro   0x0000000000001426       0x1c ./Core/Src/JControl.o
 .debug_macro   0x0000000000001442       0x22 ./Core/Src/JControl.o
 .debug_macro   0x0000000000001464       0xd9 ./Core/Src/JControl.o
 .debug_macro   0x000000000000153d     0x102d ./Core/Src/JControl.o
 .debug_macro   0x000000000000256a      0x11f ./Core/Src/JControl.o
 .debug_macro   0x0000000000002689    0x16749 ./Core/Src/JControl.o
 .debug_macro   0x0000000000018dd2       0x6d ./Core/Src/JControl.o
 .debug_macro   0x0000000000018e3f     0x367e ./Core/Src/JControl.o
 .debug_macro   0x000000000001c4bd      0x174 ./Core/Src/JControl.o
 .debug_macro   0x000000000001c631       0x5c ./Core/Src/JControl.o
 .debug_macro   0x000000000001c68d      0xc90 ./Core/Src/JControl.o
 .debug_macro   0x000000000001d31d      0x9fe ./Core/Src/JControl.o
 .debug_macro   0x000000000001dd1b      0x115 ./Core/Src/JControl.o
 .debug_macro   0x000000000001de30      0x1a0 ./Core/Src/JControl.o
 .debug_macro   0x000000000001dfd0       0xa5 ./Core/Src/JControl.o
 .debug_macro   0x000000000001e075      0x16d ./Core/Src/JControl.o
 .debug_macro   0x000000000001e1e2      0x287 ./Core/Src/JControl.o
 .debug_macro   0x000000000001e469       0x5f ./Core/Src/JControl.o
 .debug_macro   0x000000000001e4c8      0x236 ./Core/Src/JControl.o
 .debug_macro   0x000000000001e6fe      0x132 ./Core/Src/JControl.o
 .debug_macro   0x000000000001e830      0x29c ./Core/Src/JControl.o
 .debug_macro   0x000000000001eacc       0x2e ./Core/Src/JControl.o
 .debug_macro   0x000000000001eafa      0x11a ./Core/Src/JControl.o
 .debug_macro   0x000000000001ec14       0xe8 ./Core/Src/JControl.o
 .debug_macro   0x000000000001ecfc       0x89 ./Core/Src/JControl.o
 .debug_macro   0x000000000001ed85      0x8e6 ./Core/Src/JControl.o
 .debug_macro   0x000000000001f66b       0x4d ./Core/Src/JControl.o
 .debug_macro   0x000000000001f6b8      0x126 ./Core/Src/JControl.o
 .debug_macro   0x000000000001f7de      0xb5b ./Core/Src/JControl.o
 .debug_macro   0x0000000000020339      0x1e6 ./Core/Src/JControl.o
 .debug_macro   0x000000000002051f      0xd69 ./Core/Src/JControl.o
 .debug_macro   0x0000000000021288      0x1db ./Core/Src/JControl.o
 .debug_macro   0x0000000000021463      0x21c ./Core/Src/JControl.o
 .debug_macro   0x000000000002167f       0xe8 ./Core/Src/JControl.o
 .debug_macro   0x0000000000021767      0x1a6 ./Core/Src/JControl.o
 .debug_macro   0x000000000002190d       0x61 ./Core/Src/JControl.o
 .debug_macro   0x000000000002196e       0xd5 ./Core/Src/JControl.o
 .debug_macro   0x0000000000021a43      0x5fa ./Core/Src/JControl.o
 .debug_macro   0x000000000002203d      0x149 ./Core/Src/JControl.o
 .debug_macro   0x0000000000022186       0x34 ./Core/Src/JControl.o
 .debug_macro   0x00000000000221ba      0x301 ./Core/Src/JSensing.o
 .debug_macro   0x00000000000224bb       0x2a ./Core/Src/JSensing.o
 .debug_macro   0x00000000000224e5       0x5b ./Core/Src/JSensing.o
 .debug_macro   0x0000000000022540       0x94 ./Core/Src/JSensing.o
 .debug_macro   0x00000000000225d4       0x43 ./Core/Src/JSensing.o
 .debug_macro   0x0000000000022617       0x34 ./Core/Src/JSensing.o
 .debug_macro   0x000000000002264b       0x16 ./Core/Src/JSensing.o
 .debug_macro   0x0000000000022661      0x10e ./Core/Src/JSensing.o
 .debug_macro   0x000000000002276f       0x8d ./Core/Src/JSensing.o
 .debug_macro   0x00000000000227fc       0x16 ./Core/Src/JSensing.o
 .debug_macro   0x0000000000022812       0x43 ./Core/Src/JSensing.o
 .debug_macro   0x0000000000022855       0x57 ./Core/Src/JSensing.o
 .debug_macro   0x00000000000228ac       0x34 ./Core/Src/JSensing.o
 .debug_macro   0x00000000000228e0       0x10 ./Core/Src/JSensing.o
 .debug_macro   0x00000000000228f0       0x58 ./Core/Src/JSensing.o
 .debug_macro   0x0000000000022948       0x8e ./Core/Src/JSensing.o
 .debug_macro   0x00000000000229d6       0x1c ./Core/Src/JSensing.o
 .debug_macro   0x00000000000229f2      0x177 ./Core/Src/JSensing.o
 .debug_macro   0x0000000000022b69      0x369 ./Core/Src/JSensing.o
 .debug_macro   0x0000000000022ed2       0x16 ./Core/Src/JSensing.o
 .debug_macro   0x0000000000022ee8       0x29 ./Core/Src/JSensing.o
 .debug_macro   0x0000000000022f11       0x56 ./Core/Src/JSensing.o
 .debug_macro   0x0000000000022f67      0x23b ./Core/Src/adc.o
 .debug_macro   0x00000000000231a2      0x23b ./Core/Src/dma.o
 .debug_macro   0x00000000000233dd      0x23b ./Core/Src/gpio.o
 .debug_macro   0x0000000000023618      0x364 ./Core/Src/main.o
 .debug_macro   0x000000000002397c       0x3a ./Core/Src/main.o
 .debug_macro   0x00000000000239b6       0x61 ./Core/Src/main.o
 .debug_macro   0x0000000000023a17       0x35 ./Core/Src/main.o
 .debug_macro   0x0000000000023a4c      0x231 ./Core/Src/stm32f4xx_hal_msp.o
 .debug_macro   0x0000000000023c7d      0x3ac ./Core/Src/stm32f4xx_it.o
 .debug_macro   0x0000000000024029       0xff ./Core/Src/sysmem.o
 .debug_macro   0x0000000000024128      0x23c ./Core/Src/sysmem.o
 .debug_macro   0x0000000000024364      0x1c4 ./Core/Src/system_stm32f4xx.o
 .debug_macro   0x0000000000024528      0x23b ./Core/Src/tim.o
 .debug_macro   0x0000000000024763      0x224 ./Drivers/STM32F4xx_HAL_Driver/Src/stm32f4xx_hal.o
 .debug_macro   0x0000000000024987      0x1c4 ./Drivers/STM32F4xx_HAL_Driver/Src/stm32f4xx_hal_cortex.o
 .debug_macro   0x0000000000024b4b      0x1ca ./Drivers/STM32F4xx_HAL_Driver/Src/stm32f4xx_hal_gpio.o
 .debug_macro   0x0000000000024d15      0x1c5 ./Drivers/STM32F4xx_HAL_Driver/Src/stm32f4xx_hal_tim.o
 .debug_macro   0x0000000000024eda      0x1c4 ./Drivers/STM32F4xx_HAL_Driver/Src/stm32f4xx_hal_tim_ex.o
 .debug_macro   0x000000000002509e      0x264 ./Drivers/STM32F4xx_HAL_Driver/Src/stm32f4xx_ll_adc.o
 .debug_macro   0x0000000000025302      0xb55 ./Drivers/STM32F4xx_HAL_Driver/Src/stm32f4xx_ll_adc.o
 .debug_macro   0x0000000000025e57      0x206 ./Drivers/STM32F4xx_HAL_Driver/Src/stm32f4xx_ll_gpio.o
 .debug_macro   0x000000000002605d      0x143 ./Drivers/STM32F4xx_HAL_Driver/Src/stm32f4xx_ll_gpio.o
 .debug_macro   0x00000000000261a0      0x24f ./Drivers/STM32F4xx_HAL_Driver/Src/stm32f4xx_ll_tim.o
 .debug_macro   0x00000000000263ef      0x5f4 ./Drivers/STM32F4xx_HAL_Driver/Src/stm32f4xx_ll_tim.o
 .debug_macro   0x00000000000269e3      0x2c2 ./Drivers/STM32F4xx_HAL_Driver/Src/stm32f4xx_ll_utils.o
 .debug_macro   0x0000000000026ca5       0x5b ./Drivers/STM32F4xx_HAL_Driver/Src/stm32f4xx_ll_utils.o

.debug_line     0x0000000000000000    0x11556
 .debug_line    0x0000000000000000      0xb31 ./Core/Src/JControl.o
 .debug_line    0x0000000000000b31      0xd10 ./Core/Src/JSensing.o
 .debug_line    0x0000000000001841      0xa7a ./Core/Src/adc.o
 .debug_line    0x00000000000022bb      0x91f ./Core/Src/dma.o
 .debug_line    0x0000000000002bda      0x88b ./Core/Src/gpio.o
 .debug_line    0x0000000000003465      0xde4 ./Core/Src/main.o
 .debug_line    0x0000000000004249      0x827 ./Core/Src/stm32f4xx_hal_msp.o
 .debug_line    0x0000000000004a70     0x109f ./Core/Src/stm32f4xx_it.o
 .debug_line    0x0000000000005b0f      0x574 ./Core/Src/sysmem.o
 .debug_line    0x0000000000006083      0x7ac ./Core/Src/system_stm32f4xx.o
 .debug_line    0x000000000000682f      0xb7d ./Core/Src/tim.o
 .debug_line    0x00000000000073ac       0x7a ./Core/Startup/startup_stm32f446retx.o
 .debug_line    0x0000000000007426      0xa12 ./Drivers/STM32F4xx_HAL_Driver/Src/stm32f4xx_hal.o
 .debug_line    0x0000000000007e38      0xcc1 ./Drivers/STM32F4xx_HAL_Driver/Src/stm32f4xx_hal_cortex.o
 .debug_line    0x0000000000008af9      0xb72 ./Drivers/STM32F4xx_HAL_Driver/Src/stm32f4xx_hal_gpio.o
 .debug_line    0x000000000000966b     0x36fe ./Drivers/STM32F4xx_HAL_Driver/Src/stm32f4xx_hal_tim.o
 .debug_line    0x000000000000cd69     0x1a0f ./Drivers/STM32F4xx_HAL_Driver/Src/stm32f4xx_hal_tim_ex.o
 .debug_line    0x000000000000e778      0x9ca ./Drivers/STM32F4xx_HAL_Driver/Src/stm32f4xx_ll_adc.o
 .debug_line    0x000000000000f142      0x9f4 ./Drivers/STM32F4xx_HAL_Driver/Src/stm32f4xx_ll_gpio.o
 .debug_line    0x000000000000fb36      0xd7a ./Drivers/STM32F4xx_HAL_Driver/Src/stm32f4xx_ll_tim.o
 .debug_line    0x00000000000108b0      0xca6 ./Drivers/STM32F4xx_HAL_Driver/Src/stm32f4xx_ll_utils.o

.debug_str      0x0000000000000000    0xecce1
 .debug_str     0x0000000000000000    0xe0664 ./Core/Src/JControl.o
                                      0xe137b (size before relaxing)
 .debug_str     0x00000000000e0664     0x32b8 ./Core/Src/JSensing.o
                                      0xe43cd (size before relaxing)
 .debug_str     0x00000000000e391c      0x4f8 ./Core/Src/adc.o
                                      0xe16ba (size before relaxing)
 .debug_str     0x00000000000e3e14      0x624 ./Core/Src/dma.o
                                      0xe18d7 (size before relaxing)
 .debug_str     0x00000000000e4438       0x2c ./Core/Src/gpio.o
                                      0xe1311 (size before relaxing)
 .debug_str     0x00000000000e4464      0x6e7 ./Core/Src/main.o
                                      0xe4d1e (size before relaxing)
 .debug_str     0x00000000000e4b4b       0x2c ./Core/Src/stm32f4xx_hal_msp.o
                                      0xe1229 (size before relaxing)
 .debug_str     0x00000000000e4b77      0x893 ./Core/Src/stm32f4xx_it.o
                                      0xe50c2 (size before relaxing)
 .debug_str     0x00000000000e540a      0x4dc ./Core/Src/sysmem.o
                                       0x6061 (size before relaxing)
 .debug_str     0x00000000000e58e6       0x77 ./Core/Src/system_stm32f4xx.o
                                      0xc7434 (size before relaxing)
 .debug_str     0x00000000000e595d      0x35a ./Core/Src/tim.o
                                      0xe228d (size before relaxing)
 .debug_str     0x00000000000e5cb7       0x34 ./Core/Startup/startup_stm32f446retx.o
                                         0x5e (size before relaxing)
 .debug_str     0x00000000000e5ceb      0x5e2 ./Drivers/STM32F4xx_HAL_Driver/Src/stm32f4xx_hal.o
                                      0xc7ff9 (size before relaxing)
 .debug_str     0x00000000000e62cd      0x29c ./Drivers/STM32F4xx_HAL_Driver/Src/stm32f4xx_hal_cortex.o
                                      0xc7d07 (size before relaxing)
 .debug_str     0x00000000000e6569      0x167 ./Drivers/STM32F4xx_HAL_Driver/Src/stm32f4xx_hal_gpio.o
                                      0xc75af (size before relaxing)
 .debug_str     0x00000000000e66d0      0xd97 ./Drivers/STM32F4xx_HAL_Driver/Src/stm32f4xx_hal_tim.o
                                      0xc8789 (size before relaxing)
 .debug_str     0x00000000000e7467      0x3e1 ./Drivers/STM32F4xx_HAL_Driver/Src/stm32f4xx_hal_tim_ex.o
                                      0xc7fa5 (size before relaxing)
 .debug_str     0x00000000000e7848     0x24e5 ./Drivers/STM32F4xx_HAL_Driver/Src/stm32f4xx_ll_adc.o
                                      0xd24dd (size before relaxing)
 .debug_str     0x00000000000e9d2d      0x63d ./Drivers/STM32F4xx_HAL_Driver/Src/stm32f4xx_ll_gpio.o
                                      0xc8e14 (size before relaxing)
 .debug_str     0x00000000000ea36a     0x1169 ./Drivers/STM32F4xx_HAL_Driver/Src/stm32f4xx_ll_tim.o
                                      0xcc55e (size before relaxing)
 .debug_str     0x00000000000eb4d3     0x180e ./Drivers/STM32F4xx_HAL_Driver/Src/stm32f4xx_ll_utils.o
                                      0xd401f (size before relaxing)

.debug_frame    0x0000000000000000     0x470c
 .debug_frame   0x0000000000000000      0x198 ./Core/Src/JControl.o
 .debug_frame   0x0000000000000198      0x124 ./Core/Src/JSensing.o
 .debug_frame   0x00000000000002bc      0x268 ./Core/Src/adc.o
 .debug_frame   0x0000000000000524       0xec ./Core/Src/dma.o
 .debug_frame   0x0000000000000610       0x84 ./Core/Src/gpio.o
 .debug_frame   0x0000000000000694      0x49c ./Core/Src/main.o
 .debug_frame   0x0000000000000b30       0x38 ./Core/Src/stm32f4xx_hal_msp.o
 .debug_frame   0x0000000000000b68      0x4d0 ./Core/Src/stm32f4xx_it.o
 .debug_frame   0x0000000000001038       0x34 ./Core/Src/sysmem.o
 .debug_frame   0x000000000000106c       0x58 ./Core/Src/system_stm32f4xx.o
 .debug_frame   0x00000000000010c4      0x2dc ./Core/Src/tim.o
 .debug_frame   0x00000000000013a0      0x374 ./Drivers/STM32F4xx_HAL_Driver/Src/stm32f4xx_hal.o
 .debug_frame   0x0000000000001714      0x498 ./Drivers/STM32F4xx_HAL_Driver/Src/stm32f4xx_hal_cortex.o
 .debug_frame   0x0000000000001bac      0x14c ./Drivers/STM32F4xx_HAL_Driver/Src/stm32f4xx_hal_gpio.o
 .debug_frame   0x0000000000001cf8     0x11c4 ./Drivers/STM32F4xx_HAL_Driver/Src/stm32f4xx_hal_tim.o
 .debug_frame   0x0000000000002ebc      0x638 ./Drivers/STM32F4xx_HAL_Driver/Src/stm32f4xx_hal_tim_ex.o
 .debug_frame   0x00000000000034f4      0x2cc ./Drivers/STM32F4xx_HAL_Driver/Src/stm32f4xx_ll_adc.o
 .debug_frame   0x00000000000037c0      0x1c0 ./Drivers/STM32F4xx_HAL_Driver/Src/stm32f4xx_ll_gpio.o
 .debug_frame   0x0000000000003980      0x538 ./Drivers/STM32F4xx_HAL_Driver/Src/stm32f4xx_ll_tim.o
 .debug_frame   0x0000000000003eb8      0x418 ./Drivers/STM32F4xx_HAL_Driver/Src/stm32f4xx_ll_utils.o
 .debug_frame   0x00000000000042d0       0x30 C:/ST/STM32CubeIDE_1.6.0/STM32CubeIDE/plugins/com.st.stm32cube.ide.mcu.externaltools.gnu-tools-for-stm32.11.3.rel1.win32_1.1.0.202305231506/tools/bin/../lib/gcc/arm-none-eabi/11.3.1/../../../../arm-none-eabi/lib/thumb/v7e-m+fp/hard\libc_nano.a(libc_a-malloc.o)
 .debug_frame   0x0000000000004300       0x50 C:/ST/STM32CubeIDE_1.6.0/STM32CubeIDE/plugins/com.st.stm32cube.ide.mcu.externaltools.gnu-tools-for-stm32.11.3.rel1.win32_1.1.0.202305231506/tools/bin/../lib/gcc/arm-none-eabi/11.3.1/../../../../arm-none-eabi/lib/thumb/v7e-m+fp/hard\libc_nano.a(libc_a-mallocr.o)
 .debug_frame   0x0000000000004350       0x30 C:/ST/STM32CubeIDE_1.6.0/STM32CubeIDE/plugins/com.st.stm32cube.ide.mcu.externaltools.gnu-tools-for-stm32.11.3.rel1.win32_1.1.0.202305231506/tools/bin/../lib/gcc/arm-none-eabi/11.3.1/../../../../arm-none-eabi/lib/thumb/v7e-m+fp/hard\libc_nano.a(libc_a-mlock.o)
 .debug_frame   0x0000000000004380      0x13c C:/ST/STM32CubeIDE_1.6.0/STM32CubeIDE/plugins/com.st.stm32cube.ide.mcu.externaltools.gnu-tools-for-stm32.11.3.rel1.win32_1.1.0.202305231506/tools/bin/../lib/gcc/arm-none-eabi/11.3.1/../../../../arm-none-eabi/lib/thumb/v7e-m+fp/hard\libc_nano.a(libc_a-findfp.o)
 .debug_frame   0x00000000000044bc       0x20 C:/ST/STM32CubeIDE_1.6.0/STM32CubeIDE/plugins/com.st.stm32cube.ide.mcu.externaltools.gnu-tools-for-stm32.11.3.rel1.win32_1.1.0.202305231506/tools/bin/../lib/gcc/arm-none-eabi/11.3.1/../../../../arm-none-eabi/lib/thumb/v7e-m+fp/hard\libc_nano.a(libc_a-memset.o)
 .debug_frame   0x00000000000044dc       0x38 C:/ST/STM32CubeIDE_1.6.0/STM32CubeIDE/plugins/com.st.stm32cube.ide.mcu.externaltools.gnu-tools-for-stm32.11.3.rel1.win32_1.1.0.202305231506/tools/bin/../lib/gcc/arm-none-eabi/11.3.1/../../../../arm-none-eabi/lib/thumb/v7e-m+fp/hard\libc_nano.a(libc_a-reent.o)
 .debug_frame   0x0000000000004514       0x2c C:/ST/STM32CubeIDE_1.6.0/STM32CubeIDE/plugins/com.st.stm32cube.ide.mcu.externaltools.gnu-tools-for-stm32.11.3.rel1.win32_1.1.0.202305231506/tools/bin/../lib/gcc/arm-none-eabi/11.3.1/../../../../arm-none-eabi/lib/thumb/v7e-m+fp/hard\libc_nano.a(libc_a-sbrkr.o)
 .debug_frame   0x0000000000004540       0x20 C:/ST/STM32CubeIDE_1.6.0/STM32CubeIDE/plugins/com.st.stm32cube.ide.mcu.externaltools.gnu-tools-for-stm32.11.3.rel1.win32_1.1.0.202305231506/tools/bin/../lib/gcc/arm-none-eabi/11.3.1/../../../../arm-none-eabi/lib/thumb/v7e-m+fp/hard\libc_nano.a(libc_a-errno.o)
 .debug_frame   0x0000000000004560       0x2c C:/ST/STM32CubeIDE_1.6.0/STM32CubeIDE/plugins/com.st.stm32cube.ide.mcu.externaltools.gnu-tools-for-stm32.11.3.rel1.win32_1.1.0.202305231506/tools/bin/../lib/gcc/arm-none-eabi/11.3.1/../../../../arm-none-eabi/lib/thumb/v7e-m+fp/hard\libc_nano.a(libc_a-init.o)
 .debug_frame   0x000000000000458c       0xb0 C:/ST/STM32CubeIDE_1.6.0/STM32CubeIDE/plugins/com.st.stm32cube.ide.mcu.externaltools.gnu-tools-for-stm32.11.3.rel1.win32_1.1.0.202305231506/tools/bin/../lib/gcc/arm-none-eabi/11.3.1/../../../../arm-none-eabi/lib/thumb/v7e-m+fp/hard\libc_nano.a(libc_a-lock.o)
 .debug_frame   0x000000000000463c       0xac C:/ST/STM32CubeIDE_1.6.0/STM32CubeIDE/plugins/com.st.stm32cube.ide.mcu.externaltools.gnu-tools-for-stm32.11.3.rel1.win32_1.1.0.202305231506/tools/bin/../lib/gcc/arm-none-eabi/11.3.1/thumb/v7e-m+fp/hard\libgcc.a(_arm_addsubdf3.o)
 .debug_frame   0x00000000000046e8       0x24 C:/ST/STM32CubeIDE_1.6.0/STM32CubeIDE/plugins/com.st.stm32cube.ide.mcu.externaltools.gnu-tools-for-stm32.11.3.rel1.win32_1.1.0.202305231506/tools/bin/../lib/gcc/arm-none-eabi/11.3.1/thumb/v7e-m+fp/hard\libgcc.a(_arm_fixdfsi.o)

.debug_line_str
                0x0000000000000000       0x52
 .debug_line_str
                0x0000000000000000       0x52 ./Core/Startup/startup_stm32f446retx.o
                                         0x6a (size before relaxing)