../Drivers/STM32F4xx_HAL_Driver/Inc/stm32f4xx_ll_tim.h:3182:22:LL_TIM_ClearFlag_UPDATE	16	static
../Drivers/STM32F4xx_HAL_Driver/Inc/stm32f4xx_ll_tim.h:3193:26:LL_TIM_IsActiveFlag_UPDATE	16	static
../Drivers/STM32F4xx_HAL_Driver/Inc/stm32f4xx_ll_gpio.h:273:22:LL_GPIO_SetPinMode	40	static,ignoring_inline_asm
../Drivers/STM32F4xx_HAL_Driver/Inc/stm32f4xx_ll_gpio.h:800:26:LL_GPIO_IsInputPinSet	16	static
../Drivers/STM32F4xx_HAL_Driver/Inc/stm32f4xx_ll_gpio.h:881:22:LL_GPIO_SetOutputPin	16	static
../Drivers/STM32F4xx_HAL_Driver/Inc/stm32f4xx_ll_gpio.h:910:22:LL_GPIO_ResetOutputPin	16	static
../Core/Src/stm32f4xx_it.c:140:6:Duty_Velocity	24	static
../Core/Src/stm32f4xx_it.c:146:6:Stop	4	static
../Core/Src/stm32f4xx_it.c:152:6:GoFront	4	static
../Core/Src/stm32f4xx_it.c:158:6:GoFrontBoost	4	static
../Core/Src/stm32f4xx_it.c:164:6:GoStartBoost	4	static
../Core/Src/stm32f4xx_it.c:170:6:GoBack	4	static
../Core/Src/stm32f4xx_it.c:176:6:GoBackSlow	4	static
../Core/Src/stm32f4xx_it.c:182:6:TurnLeft	4	static
../Core/Src/stm32f4xx_it.c:188:6:TurnRight	4	static
../Core/Src/stm32f4xx_it.c:194:6:HitFloor	8	static
../Core/Src/stm32f4xx_it.c:199:6:QTI	24	static
../Core/Src/stm32f4xx_it.c:219:6:JudgeFrontQTI	4	static
../Core/Src/stm32f4xx_it.c:232:6:JudgeCamera	4	static
../Core/Src/stm32f4xx_it.c:256:6:AlgorithmCamera	8	static
../Core/Src/stm32f4xx_it.c:296:6:Algorithm	8	static
../Core/Src/stm32f4xx_it.c:349:6:Start_Algorithm	8	static
../Core/Src/stm32f4xx_it.c:410:6:NMI_Handler	4	static
../Core/Src/stm32f4xx_it.c:425:6:HardFault_Handler	4	static
../Core/Src/stm32f4xx_it.c:440:6:MemManage_Handler	4	static
../Core/Src/stm32f4xx_it.c:455:6:BusFault_Handler	4	static
../Core/Src/stm32f4xx_it.c:470:6:UsageFault_Handler	4	static
../Core/Src/stm32f4xx_it.c:485:6:SVC_Handler	4	static
../Core/Src/stm32f4xx_it.c:498:6:DebugMon_Handler	4	static
../Core/Src/stm32f4xx_it.c:511:6:PendSV_Handler	4	static
../Core/Src/stm32f4xx_it.c:524:6:SysTick_Handler	8	static
../Core/Src/stm32f4xx_it.c:545:6:TIM1_BRK_TIM9_IRQHandler	8	static
../Core/Src/stm32f4xx_it.c:559:6:TIM1_UP_TIM10_IRQHandler	8	static
../Core/Src/stm32f4xx_it.c:573:6:TIM1_TRG_COM_TIM11_IRQHandler	8	static
../Core/Src/stm32f4xx_it.c:587:6:TIM1_CC_IRQHandler	8	static
../Core/Src/stm32f4xx_it.c:601:6:TIM8_UP_TIM13_IRQHandler	8	static
../Core/Src/stm32f4xx_it.c:629:6:TIM6_DAC_IRQHandler	8	static
../Core/Src/stm32f4xx_it.c:652:6:TIM7_IRQHandler	8	static
../Core/Src/stm32f4xx_it.c:677:6:DMA2_Stream0_IRQHandler	4	static
